Archive member included to satisfy reference by file (symbol)

C:/st/STM32CubeIDE_1.16.0/STM32CubeIDE/plugins/com.st.stm32cube.ide.mcu.externaltools.gnu-tools-for-stm32.12.3.rel1.win32_1.0.200.202406191623/tools/bin/../lib/gcc/arm-none-eabi/12.3.1/../../../../arm-none-eabi/lib/thumb/v7e-m+fp/hard\libc_nano.a(libc_a-exit.o)
                              C:/st/STM32CubeIDE_1.16.0/STM32CubeIDE/plugins/com.st.stm32cube.ide.mcu.externaltools.gnu-tools-for-stm32.12.3.rel1.win32_1.0.200.202406191623/tools/bin/../lib/gcc/arm-none-eabi/12.3.1/../../../../arm-none-eabi/lib/thumb/v7e-m+fp/hard/crt0.o (exit)
C:/st/STM32CubeIDE_1.16.0/STM32CubeIDE/plugins/com.st.stm32cube.ide.mcu.externaltools.gnu-tools-for-stm32.12.3.rel1.win32_1.0.200.202406191623/tools/bin/../lib/gcc/arm-none-eabi/12.3.1/../../../../arm-none-eabi/lib/thumb/v7e-m+fp/hard\libc_nano.a(libc_a-findfp.o)
                              C:/st/STM32CubeIDE_1.16.0/STM32CubeIDE/plugins/com.st.stm32cube.ide.mcu.externaltools.gnu-tools-for-stm32.12.3.rel1.win32_1.0.200.202406191623/tools/bin/../lib/gcc/arm-none-eabi/12.3.1/../../../../arm-none-eabi/lib/thumb/v7e-m+fp/hard\libc_nano.a(libc_a-exit.o) (__stdio_exit_handler)
C:/st/STM32CubeIDE_1.16.0/STM32CubeIDE/plugins/com.st.stm32cube.ide.mcu.externaltools.gnu-tools-for-stm32.12.3.rel1.win32_1.0.200.202406191623/tools/bin/../lib/gcc/arm-none-eabi/12.3.1/../../../../arm-none-eabi/lib/thumb/v7e-m+fp/hard\libc_nano.a(libc_a-fwalk.o)
                              C:/st/STM32CubeIDE_1.16.0/STM32CubeIDE/plugins/com.st.stm32cube.ide.mcu.externaltools.gnu-tools-for-stm32.12.3.rel1.win32_1.0.200.202406191623/tools/bin/../lib/gcc/arm-none-eabi/12.3.1/../../../../arm-none-eabi/lib/thumb/v7e-m+fp/hard\libc_nano.a(libc_a-findfp.o) (_fwalk_sglue)
C:/st/STM32CubeIDE_1.16.0/STM32CubeIDE/plugins/com.st.stm32cube.ide.mcu.externaltools.gnu-tools-for-stm32.12.3.rel1.win32_1.0.200.202406191623/tools/bin/../lib/gcc/arm-none-eabi/12.3.1/../../../../arm-none-eabi/lib/thumb/v7e-m+fp/hard\libc_nano.a(libc_a-printf.o)
                              ./Core/Src/main.o (printf)
C:/st/STM32CubeIDE_1.16.0/STM32CubeIDE/plugins/com.st.stm32cube.ide.mcu.externaltools.gnu-tools-for-stm32.12.3.rel1.win32_1.0.200.202406191623/tools/bin/../lib/gcc/arm-none-eabi/12.3.1/../../../../arm-none-eabi/lib/thumb/v7e-m+fp/hard\libc_nano.a(libc_a-puts.o)
                              ./Core/Src/main.o (puts)
C:/st/STM32CubeIDE_1.16.0/STM32CubeIDE/plugins/com.st.stm32cube.ide.mcu.externaltools.gnu-tools-for-stm32.12.3.rel1.win32_1.0.200.202406191623/tools/bin/../lib/gcc/arm-none-eabi/12.3.1/../../../../arm-none-eabi/lib/thumb/v7e-m+fp/hard\libc_nano.a(libc_a-sprintf.o)
                              ./Core/Src/main.o (sprintf)
C:/st/STM32CubeIDE_1.16.0/STM32CubeIDE/plugins/com.st.stm32cube.ide.mcu.externaltools.gnu-tools-for-stm32.12.3.rel1.win32_1.0.200.202406191623/tools/bin/../lib/gcc/arm-none-eabi/12.3.1/../../../../arm-none-eabi/lib/thumb/v7e-m+fp/hard\libc_nano.a(libc_a-sscanf.o)
                              ./Core/Src/main.o (sscanf)
C:/st/STM32CubeIDE_1.16.0/STM32CubeIDE/plugins/com.st.stm32cube.ide.mcu.externaltools.gnu-tools-for-stm32.12.3.rel1.win32_1.0.200.202406191623/tools/bin/../lib/gcc/arm-none-eabi/12.3.1/../../../../arm-none-eabi/lib/thumb/v7e-m+fp/hard\libc_nano.a(libc_a-stdio.o)
                              C:/st/STM32CubeIDE_1.16.0/STM32CubeIDE/plugins/com.st.stm32cube.ide.mcu.externaltools.gnu-tools-for-stm32.12.3.rel1.win32_1.0.200.202406191623/tools/bin/../lib/gcc/arm-none-eabi/12.3.1/../../../../arm-none-eabi/lib/thumb/v7e-m+fp/hard\libc_nano.a(libc_a-findfp.o) (__sread)
C:/st/STM32CubeIDE_1.16.0/STM32CubeIDE/plugins/com.st.stm32cube.ide.mcu.externaltools.gnu-tools-for-stm32.12.3.rel1.win32_1.0.200.202406191623/tools/bin/../lib/gcc/arm-none-eabi/12.3.1/../../../../arm-none-eabi/lib/thumb/v7e-m+fp/hard\libc_nano.a(libc_a-wbuf.o)
                              C:/st/STM32CubeIDE_1.16.0/STM32CubeIDE/plugins/com.st.stm32cube.ide.mcu.externaltools.gnu-tools-for-stm32.12.3.rel1.win32_1.0.200.202406191623/tools/bin/../lib/gcc/arm-none-eabi/12.3.1/../../../../arm-none-eabi/lib/thumb/v7e-m+fp/hard\libc_nano.a(libc_a-puts.o) (__swbuf_r)
C:/st/STM32CubeIDE_1.16.0/STM32CubeIDE/plugins/com.st.stm32cube.ide.mcu.externaltools.gnu-tools-for-stm32.12.3.rel1.win32_1.0.200.202406191623/tools/bin/../lib/gcc/arm-none-eabi/12.3.1/../../../../arm-none-eabi/lib/thumb/v7e-m+fp/hard\libc_nano.a(libc_a-wsetup.o)
                              C:/st/STM32CubeIDE_1.16.0/STM32CubeIDE/plugins/com.st.stm32cube.ide.mcu.externaltools.gnu-tools-for-stm32.12.3.rel1.win32_1.0.200.202406191623/tools/bin/../lib/gcc/arm-none-eabi/12.3.1/../../../../arm-none-eabi/lib/thumb/v7e-m+fp/hard\libc_nano.a(libc_a-puts.o) (__swsetup_r)
[...]
Memory Configuration

Name             Origin             Length             Attributes
RAM              0x20000000         0x00050000         xrw
RAM2             0x10000000         0x00010000         xrw
FLASH            0x08000000         0x00100000         xr
*default*        0x00000000         0xffffffff

Linker script and memory map

LOAD C:/st/STM32CubeIDE_1.16.0/STM32CubeIDE/plugins/com.st.stm32cube.ide.mcu.externaltools.gnu-tools-for-stm32.12.3.rel1.win32_1.0.200.202406191623/tools/bin/../lib/gcc/arm-none-eabi/12.3.1/thumb/v7e-m+fp/hard/crti.o
LOAD C:/st/STM32CubeIDE_1.16.0/STM32CubeIDE/plugins/com.st.stm32cube.ide.mcu.externaltools.gnu-tools-for-stm32.12.3.rel1.win32_1.0.200.202406191623/tools/bin/../lib/gcc/arm-none-eabi/12.3.1/thumb/v7e-m+fp/hard/crtbegin.o
LOAD C:/st/STM32CubeIDE_1.16.0/STM32CubeIDE/plugins/com.st.stm32cube.ide.mcu.externaltools.gnu-tools-for-stm32.12.3.rel1.win32_1.0.200.202406191623/tools/bin/../lib/gcc/arm-none-eabi/12.3.1/../../../../arm-none-eabi/lib/thumb/v7e-m+fp/hard/crt0.o
LOAD ./Core/Src/main.o
LOAD ./Core/Src/stm32l4xx_hal_msp.o
LOAD ./Core/Src/stm32l4xx_it.o
LOAD ./Core/Src/syscalls.o
LOAD ./Core/Src/sysmem.o
LOAD ./Core/Src/system_stm32l4xx.o
LOAD ./Core/Startup/startup_stm32l4a6zgtx.o
LOAD ./Drivers/STM32L4xx_HAL_Driver/Src/stm32l4xx_hal.o
LOAD ./Drivers/STM32L4xx_HAL_Driver/Src/stm32l4xx_hal_cortex.o
LOAD ./Drivers/STM32L4xx_HAL_Driver/Src/stm32l4xx_hal_dma.o
LOAD ./Drivers/STM32L4xx_HAL_Driver/Src/stm32l4xx_hal_dma_ex.o
LOAD ./Drivers/STM32L4xx_HAL_Driver/Src/stm32l4xx_hal_exti.o
LOAD ./Drivers/STM32L4xx_HAL_Driver/Src/stm32l4xx_hal_flash.o
LOAD ./Drivers/STM32L4xx_HAL_Driver/Src/stm32l4xx_hal_flash_ex.o
LOAD ./Drivers/STM32L4xx_HAL_Driver/Src/stm32l4xx_hal_flash_ramfunc.o
LOAD ./Drivers/STM32L4xx_HAL_Driver/Src/stm32l4xx_hal_gpio.o
LOAD ./Drivers/STM32L4xx_HAL_Driver/Src/stm32l4xx_hal_i2c.o
LOAD ./Drivers/STM32L4xx_HAL_Driver/Src/stm32l4xx_hal_i2c_ex.o
LOAD ./Drivers/STM32L4xx_HAL_Driver/Src/stm32l4xx_hal_pwr.o
LOAD ./Drivers/STM32L4xx_HAL_Driver/Src/stm32l4xx_hal_pwr_ex.o
LOAD ./Drivers/STM32L4xx_HAL_Driver/Src/stm32l4xx_hal_rcc.o
LOAD ./Drivers/STM32L4xx_HAL_Driver/Src/stm32l4xx_hal_rcc_ex.o
LOAD ./Drivers/STM32L4xx_HAL_Driver/Src/stm32l4xx_hal_tim.o
LOAD ./Drivers/STM32L4xx_HAL_Driver/Src/stm32l4xx_hal_tim_ex.o
LOAD ./Drivers/STM32L4xx_HAL_Driver/Src/stm32l4xx_hal_uart.o
LOAD ./Drivers/STM32L4xx_HAL_Driver/Src/stm32l4xx_hal_uart_ex.o
START GROUP
LOAD C:/st/STM32CubeIDE_1.16.0/STM32CubeIDE/plugins/com.st.stm32cube.ide.mcu.externaltools.gnu-tools-for-stm32.12.3.rel1.win32_1.0.200.202406191623/tools/bin/../lib/gcc/arm-none-eabi/12.3.1/../../../../arm-none-eabi/lib/thumb/v7e-m+fp/hard\libc_nano.a
LOAD C:/st/STM32CubeIDE_1.16.0/STM32CubeIDE/plugins/com.st.stm32cube.ide.mcu.externaltools.gnu-tools-for-stm32.12.3.rel1.win32_1.0.200.202406191623/tools/bin/../lib/gcc/arm-none-eabi/12.3.1/../../../../arm-none-eabi/lib/thumb/v7e-m+fp/hard\libm.a
END GROUP
START GROUP
LOAD C:/st/STM32CubeIDE_1.16.0/STM32CubeIDE/plugins/com.st.stm32cube.ide.mcu.externaltools.gnu-tools-for-stm32.12.3.rel1.win32_1.0.200.202406191623/tools/bin/../lib/gcc/arm-none-eabi/12.3.1/thumb/v7e-m+fp/hard\libgcc.a
LOAD C:/st/STM32CubeIDE_1.16.0/STM32CubeIDE/plugins/com.st.stm32cube.ide.mcu.externaltools.gnu-tools-for-stm32.12.3.rel1.win32_1.0.200.202406191623/tools/bin/../lib/gcc/arm-none-eabi/12.3.1/../../../../arm-none-eabi/lib/thumb/v7e-m+fp/hard\libc_nano.a
END GROUP
START GROUP
LOAD C:/st/STM32CubeIDE_1.16.0/STM32CubeIDE/plugins/com.st.stm32cube.ide.mcu.externaltools.gnu-tools-for-stm32.12.3.rel1.win32_1.0.200.202406191623/tools/bin/../lib/gcc/arm-none-eabi/12.3.1/thumb/v7e-m+fp/hard\libgcc.a
LOAD C:/st/STM32CubeIDE_1.16.0/STM32CubeIDE/plugins/com.st.stm32cube.ide.mcu.externaltools.gnu-tools-for-stm32.12.3.rel1.win32_1.0.200.202406191623/tools/bin/../lib/gcc/arm-none-eabi/12.3.1/../../../../arm-none-eabi/lib/thumb/v7e-m+fp/hard\libc_nano.a
LOAD C:/st/STM32CubeIDE_1.16.0/STM32CubeIDE/plugins/com.st.stm32cube.ide.mcu.externaltools.gnu-tools-for-stm32.12.3.rel1.win32_1.0.200.202406191623/tools/bin/../lib/gcc/arm-none-eabi/12.3.1/../../../../arm-none-eabi/lib/thumb/v7e-m+fp/hard\libnosys.a
END GROUP
START GROUP
LOAD C:/st/STM32CubeIDE_1.16.0/STM32CubeIDE/plugins/com.st.stm32cube.ide.mcu.externaltools.gnu-tools-for-stm32.12.3.rel1.win32_1.0.200.202406191623/tools/bin/../lib/gcc/arm-none-eabi/12.3.1/thumb/v7e-m+fp/hard\libgcc.a
LOAD C:/st/STM32CubeIDE_1.16.0/STM32CubeIDE/plugins/com.st.stm32cube.ide.mcu.externaltools.gnu-tools-for-stm32.12.3.rel1.win32_1.0.200.202406191623/tools/bin/../lib/gcc/arm-none-eabi/12.3.1/../../../../arm-none-eabi/lib/thumb/v7e-m+fp/hard\libc_nano.a
LOAD C:/st/STM32CubeIDE_1.16.0/STM32CubeIDE/plugins/com.st.stm32cube.ide.mcu.externaltools.gnu-tools-for-stm32.12.3.rel1.win32_1.0.200.202406191623/tools/bin/../lib/gcc/arm-none-eabi/12.3.1/../../../../arm-none-eabi/lib/thumb/v7e-m+fp/hard\libnosys.a
END GROUP
LOAD C:/st/STM32CubeIDE_1.16.0/STM32CubeIDE/plugins/com.st.stm32cube.ide.mcu.externaltools.gnu-tools-for-stm32.12.3.rel1.win32_1.0.200.202406191623/tools/bin/../lib/gcc/arm-none-eabi/12.3.1/thumb/v7e-m+fp/hard/crtend.o
LOAD C:/st/STM32CubeIDE_1.16.0/STM32CubeIDE/plugins/com.st.stm32cube.ide.mcu.externaltools.gnu-tools-for-stm32.12.3.rel1.win32_1.0.200.202406191623/tools/bin/../lib/gcc/arm-none-eabi/12.3.1/thumb/v7e-m+fp/hard/crtn.o
                0x20050000                        _estack = (ORIGIN (RAM) + LENGTH (RAM))
                0x00000200                        _Min_Heap_Size = 0x200
                0x00000400                        _Min_Stack_Size = 0x400

.isr_vector     0x08000000      0x1ac
                0x08000000                        . = ALIGN (0x4)
 *(.isr_vector)
 .isr_vector    0x08000000      0x1ac ./Core/Startup/startup_stm32l4a6zgtx.o
                0x08000000                g_pfnVectors
                0x080001ac                        . = ALIGN (0x4)

.text           0x080001b0     0x6118
                0x080001b0                        . = ALIGN (0x4)
 *(.text)
 .text          0x080001b0       0x40 C:/st/STM32CubeIDE_1.16.0/STM32CubeIDE/plugins/com.st.stm32cube.ide.mcu.externaltools.gnu-tools-for-stm32.12.3.rel1.win32_1.0.200.202406191623/tools/bin/../lib/gcc/arm-none-eabi/12.3.1/thumb/v7e-m+fp/hard/crtbegin.o
 .text          0x080001f0       0x14 C:/st/STM32CubeIDE_1.16.0/STM32CubeIDE/plugins/com.st.stm32cube.ide.mcu.externaltools.gnu-tools-for-stm32.12.3.rel1.win32_1.0.200.202406191623/tools/bin/../lib/gcc/arm-none-eabi/12.3.1/../../../../arm-none-eabi/lib/thumb/v7e-m+fp/hard\libc_nano.a(libc_a-strcmp.o)
                0x080001f0                strcmp
 .text          0x08000204       0x10 C:/st/STM32CubeIDE_1.16.0/STM32CubeIDE/plugins/com.st.stm32cube.ide.mcu.externaltools.gnu-tools-for-stm32.12.3.rel1.win32_1.0.200.202406191623/tools/bin/../lib/gcc/arm-none-eabi/12.3.1/../../../../arm-none-eabi/lib/thumb/v7e-m+fp/hard\libc_nano.a(libc_a-strlen.o)
                0x08000204                strlen
 *fill*         0x08000214        0xc 
 .text          0x08000220       0xa0 C:/st/STM32CubeIDE_1.16.0/STM32CubeIDE/plugins/com.st.stm32cube.ide.mcu.externaltools.gnu-tools-for-stm32.12.3.rel1.win32_1.0.200.202406191623/tools/bin/../lib/gcc/arm-none-eabi/12.3.1/../../../../arm-none-eabi/lib/thumb/v7e-m+fp/hard\libc_nano.a(libc_a-memchr.o)
                0x08000220                memchr
 .text          0x080002c0       0x30 C:/st/STM32CubeIDE_1.16.0/STM32CubeIDE/plugins/com.st.stm32cube.ide.mcu.externaltools.gnu-tools-for-stm32.12.3.rel1.win32_1.0.200.202406191623/tools/bin/../lib/gcc/arm-none-eabi/12.3.1/thumb/v7e-m+fp/hard\libgcc.a(_aeabi_uldivmod.o)
                0x080002c0                __aeabi_uldivmod
 .text          0x080002f0      0x2bc C:/st/STM32CubeIDE_1.16.0/STM32CubeIDE/plugins/com.st.stm32cube.ide.mcu.externaltools.gnu-tools-for-stm32.12.3.rel1.win32_1.0.200.202406191623/tools/bin/../lib/gcc/arm-none-eabi/12.3.1/thumb/v7e-m+fp/hard\libgcc.a(_udivmoddi4.o)
                0x080002f0                __udivmoddi4
 .text          0x080005ac        0x4 C:/st/STM32CubeIDE_1.16.0/STM32CubeIDE/plugins/com.st.stm32cube.ide.mcu.externaltools.gnu-tools-for-stm32.12.3.rel1.win32_1.0.200.202406191623/tools/bin/../lib/gcc/arm-none-eabi/12.3.1/thumb/v7e-m+fp/hard\libgcc.a(_dvmd_tls.o)
                0x080005ac                __aeabi_idiv0
                0x080005ac                __aeabi_ldiv0
 *(.text*)
 .text.print_param
                0x080005b0      0x1a8 ./Core/Src/main.o
                0x080005b0                print_param
 .text.main     0x08000758      0x250 ./Core/Src/main.o
                0x08000758                main
 .text.Calculate_Period
                0x080009a8       0x30 ./Core/Src/main.o
 .text.SystemClock_Config
                0x080009d8       0xd0 ./Core/Src/main.o
                0x080009d8                SystemClock_Config
 .text.MX_GPIO_Init
                0x08000aa8       0x58 ./Core/Src/main.o
 .text.MX_LPUART1_UART_Init
                0x08000b00       0x58 ./Core/Src/main.o
 .text.MX_TIM4_Init
                0x08000b58       0xbc ./Core/Src/main.o
 .text.Error_Handler
                0x08000c14        0x8 ./Core/Src/main.o
                0x08000c14                Error_Handler
 .text.HAL_TIM_PWM_MspInit
                0x08000c1c       0x1c ./Core/Src/stm32l4xx_hal_msp.o
                0x08000c1c                HAL_TIM_PWM_MspInit
 .text.HAL_MspInit
                0x08000c38       0x48 ./Core/Src/stm32l4xx_hal_msp.o
                0x08000c38                HAL_MspInit
 .text.HAL_UART_MspInit
                0x08000c80       0xc0 ./Core/Src/stm32l4xx_hal_msp.o
                0x08000c80                HAL_UART_MspInit
 .text.HAL_TIM_Base_MspInit
                0x08000d40       0x40 ./Core/Src/stm32l4xx_hal_msp.o
                0x08000d40                HAL_TIM_Base_MspInit
 .text.HAL_TIM_MspPostInit
                0x08000d80       0x70 ./Core/Src/stm32l4xx_hal_msp.o
                0x08000d80                HAL_TIM_MspPostInit
 .text.NMI_Handler
                0x08000df0        0x8 ./Core/Src/stm32l4xx_it.o
                0x08000df0                NMI_Handler
 .text.HardFault_Handler
                0x08000df8        0x8 ./Core/Src/stm32l4xx_it.o
                0x08000df8                HardFault_Handler
 .text.MemManage_Handler
                0x08000e00        0x8 ./Core/Src/stm32l4xx_it.o
                0x08000e00                MemManage_Handler
 .text.BusFault_Handler
                0x08000e08        0x8 ./Core/Src/stm32l4xx_it.o
                0x08000e08                BusFault_Handler
 .text.UsageFault_Handler
                0x08000e10        0x8 ./Core/Src/stm32l4xx_it.o
                0x08000e10                UsageFault_Handler
 .text.SVC_Handler
                0x08000e18        0xe ./Core/Src/stm32l4xx_it.o
                0x08000e18                SVC_Handler
 .text.DebugMon_Handler
                0x08000e26        0xe ./Core/Src/stm32l4xx_it.o
                0x08000e26                DebugMon_Handler
 .text.PendSV_Handler
                0x08000e34        0xe ./Core/Src/stm32l4xx_it.o
                0x08000e34                PendSV_Handler
 .text.SysTick_Handler
                0x08000e42        0xc ./Core/Src/stm32l4xx_it.o
                0x08000e42                SysTick_Handler
 .text._read    0x08000e4e       0x3a ./Core/Src/syscalls.o
                0x08000e4e                _read
 .text._write   0x08000e88       0x38 ./Core/Src/syscalls.o
                0x08000e88                _write
 .text._close   0x08000ec0       0x18 ./Core/Src/syscalls.o
                0x08000ec0                _close
 .text._fstat   0x08000ed8       0x20 ./Core/Src/syscalls.o
                0x08000ed8                _fstat
 .text._isatty  0x08000ef8       0x16 ./Core/Src/syscalls.o
                0x08000ef8                _isatty
 .text._lseek   0x08000f0e       0x1a ./Core/Src/syscalls.o
                0x08000f0e                _lseek
 .text._sbrk    0x08000f28       0x6c ./Core/Src/sysmem.o
                0x08000f28                _sbrk
 .text.SystemInit
                0x08000f94       0x24 ./Core/Src/system_stm32l4xx.o
                0x08000f94                SystemInit
 .text.Reset_Handler
                0x08000fb8       0x50 ./Core/Startup/startup_stm32l4a6zgtx.o
                0x08000fb8                Reset_Handler
 .text.Default_Handler
                0x08001008        0x2 ./Core/Startup/startup_stm32l4a6zgtx.o
                0x08001008                RTC_Alarm_IRQHandler
                0x08001008                HASH_RNG_IRQHandler
                0x08001008                EXTI2_IRQHandler
                0x08001008                TIM8_TRG_COM_IRQHandler
                0x08001008                TIM8_CC_IRQHandler
                0x08001008                TIM1_CC_IRQHandler
                0x08001008                TSC_IRQHandler
                0x08001008                TAMP_STAMP_IRQHandler
                0x08001008                CAN2_RX1_IRQHandler
                0x08001008                EXTI3_IRQHandler
                0x08001008                LPTIM2_IRQHandler
                0x08001008                DFSDM1_FLT1_IRQHandler
                0x08001008                I2C3_ER_IRQHandler
                0x08001008                DFSDM1_FLT2_IRQHandler
                0x08001008                EXTI0_IRQHandler
                0x08001008                I2C2_EV_IRQHandler
                0x08001008                CAN1_RX0_IRQHandler
                0x08001008                FPU_IRQHandler
                0x08001008                TIM1_UP_TIM16_IRQHandler
                0x08001008                CAN2_SCE_IRQHandler
                0x08001008                ADC1_2_IRQHandler
                0x08001008                SPI1_IRQHandler
                0x08001008                TIM6_DAC_IRQHandler
                0x08001008                DCMI_IRQHandler
                0x08001008                CAN2_RX0_IRQHandler
                0x08001008                TIM8_UP_IRQHandler
                0x08001008                DMA2_Channel2_IRQHandler
                0x08001008                DMA1_Channel4_IRQHandler
                0x08001008                SAI2_IRQHandler
                0x08001008                DFSDM1_FLT3_IRQHandler
                0x08001008                USART3_IRQHandler
                0x08001008                DMA1_Channel7_IRQHandler
                0x08001008                CAN1_RX1_IRQHandler
                0x08001008                LCD_IRQHandler
                0x08001008                UART5_IRQHandler
                0x08001008                ADC3_IRQHandler
                0x08001008                TIM4_IRQHandler
                0x08001008                DMA2_Channel1_IRQHandler
                0x08001008                QUADSPI_IRQHandler
                0x08001008                I2C1_EV_IRQHandler
                0x08001008                DMA1_Channel6_IRQHandler
                0x08001008                UART4_IRQHandler
                0x08001008                DMA2_Channel4_IRQHandler
                0x08001008                TIM3_IRQHandler
                0x08001008                RCC_IRQHandler
                0x08001008                DMA1_Channel1_IRQHandler
                0x08001008                Default_Handler
                0x08001008                DMA2_Channel7_IRQHandler
                0x08001008                EXTI15_10_IRQHandler
                0x08001008                TIM7_IRQHandler
                0x08001008                SDMMC1_IRQHandler
                0x08001008                CAN2_TX_IRQHandler
                0x08001008                TIM5_IRQHandler
                0x08001008                I2C3_EV_IRQHandler
                0x08001008                EXTI9_5_IRQHandler
                0x08001008                RTC_WKUP_IRQHandler
                0x08001008                PVD_PVM_IRQHandler
                0x08001008                SPI2_IRQHandler
                0x08001008                CAN1_TX_IRQHandler
                0x08001008                DMA2_Channel5_IRQHandler
                0x08001008                CRS_IRQHandler
                0x08001008                DMA1_Channel5_IRQHandler
                0x08001008                EXTI4_IRQHandler
                0x08001008                TIM1_TRG_COM_TIM17_IRQHandler
                0x08001008                DMA1_Channel3_IRQHandler
                0x08001008                COMP_IRQHandler
                0x08001008                WWDG_IRQHandler
                0x08001008                I2C4_EV_IRQHandler
                0x08001008                LPUART1_IRQHandler
                0x08001008                DMA2_Channel6_IRQHandler
                0x08001008                TIM2_IRQHandler
                0x08001008                DMA2D_IRQHandler
                0x08001008                EXTI1_IRQHandler
                0x08001008                AES_IRQHandler
                0x08001008                USART2_IRQHandler
                0x08001008                DFSDM1_FLT0_IRQHandler
                0x08001008                I2C2_ER_IRQHandler
                0x08001008                DMA1_Channel2_IRQHandler
                0x08001008                TIM8_BRK_IRQHandler
                0x08001008                CAN1_SCE_IRQHandler
                0x08001008                FLASH_IRQHandler
                0x08001008                USART1_IRQHandler
                0x08001008                OTG_FS_IRQHandler
                0x08001008                SPI3_IRQHandler
                0x08001008                I2C1_ER_IRQHandler
                0x08001008                FMC_IRQHandler
                0x08001008                SWPMI1_IRQHandler
                0x08001008                LPTIM1_IRQHandler
                0x08001008                I2C4_ER_IRQHandler
                0x08001008                SAI1_IRQHandler
                0x08001008                DMA2_Channel3_IRQHandler
                0x08001008                TIM1_BRK_TIM15_IRQHandler
 .text.HAL_Init
                0x0800100a       0x30 ./Drivers/STM32L4xx_HAL_Driver/Src/stm32l4xx_hal.o
                0x0800100a                HAL_Init
 *fill*         0x0800103a        0x2 
 .text.HAL_InitTick
                0x0800103c       0x78 ./Drivers/STM32L4xx_HAL_Driver/Src/stm32l4xx_hal.o
                0x0800103c                HAL_InitTick
 .text.HAL_IncTick
                0x080010b4       0x28 ./Drivers/STM32L4xx_HAL_Driver/Src/stm32l4xx_hal.o
                0x080010b4                HAL_IncTick
 .text.HAL_GetTick
                0x080010dc       0x18 ./Drivers/STM32L4xx_HAL_Driver/Src/stm32l4xx_hal.o
                0x080010dc                HAL_GetTick
 .text.__NVIC_SetPriorityGrouping
                0x080010f4       0x48 ./Drivers/STM32L4xx_HAL_Driver/Src/stm32l4xx_hal_cortex.o
 .text.__NVIC_GetPriorityGrouping
                0x0800113c       0x1c ./Drivers/STM32L4xx_HAL_Driver/Src/stm32l4xx_hal_cortex.o
 .text.__NVIC_SetPriority
                0x08001158       0x54 ./Drivers/STM32L4xx_HAL_Driver/Src/stm32l4xx_hal_cortex.o
 .text.NVIC_EncodePriority
                0x080011ac       0x66 ./Drivers/STM32L4xx_HAL_Driver/Src/stm32l4xx_hal_cortex.o
 *fill*         0x08001212        0x2 
 .text.SysTick_Config
                0x08001214       0x44 ./Drivers/STM32L4xx_HAL_Driver/Src/stm32l4xx_hal_cortex.o
 .text.HAL_NVIC_SetPriorityGrouping
                0x08001258       0x16 ./Drivers/STM32L4xx_HAL_Driver/Src/stm32l4xx_hal_cortex.o
                0x08001258                HAL_NVIC_SetPriorityGrouping
 .text.HAL_NVIC_SetPriority
                0x0800126e       0x38 ./Drivers/STM32L4xx_HAL_Driver/Src/stm32l4xx_hal_cortex.o
                0x0800126e                HAL_NVIC_SetPriority
 .text.HAL_SYSTICK_Config
                0x080012a6       0x18 ./Drivers/STM32L4xx_HAL_Driver/Src/stm32l4xx_hal_cortex.o
                0x080012a6                HAL_SYSTICK_Config
 *fill*         0x080012be        0x2 
 .text.HAL_GPIO_Init
                0x080012c0      0x324 ./Drivers/STM32L4xx_HAL_Driver/Src/stm32l4xx_hal_gpio.o
                0x080012c0                HAL_GPIO_Init
 .text.HAL_GPIO_WritePin
                0x080015e4       0x30 ./Drivers/STM32L4xx_HAL_Driver/Src/stm32l4xx_hal_gpio.o
                0x080015e4                HAL_GPIO_WritePin
 .text.HAL_PWREx_GetVoltageRange
                0x08001614       0x1c ./Drivers/STM32L4xx_HAL_Driver/Src/stm32l4xx_hal_pwr_ex.o
                0x08001614                HAL_PWREx_GetVoltageRange
 .text.HAL_PWREx_EnableVddIO2
                0x08001630       0x20 ./Drivers/STM32L4xx_HAL_Driver/Src/stm32l4xx_hal_pwr_ex.o
                0x08001630                HAL_PWREx_EnableVddIO2
 .text.HAL_RCC_OscConfig
                0x08001650      0x834 ./Drivers/STM32L4xx_HAL_Driver/Src/stm32l4xx_hal_rcc.o
                0x08001650                HAL_RCC_OscConfig
 .text.HAL_RCC_ClockConfig
                0x08001e84      0x200 ./Drivers/STM32L4xx_HAL_Driver/Src/stm32l4xx_hal_rcc.o
                0x08001e84                HAL_RCC_ClockConfig
 .text.HAL_RCC_GetSysClockFreq
                0x08002084      0x118 ./Drivers/STM32L4xx_HAL_Driver/Src/stm32l4xx_hal_rcc.o
                0x08002084                HAL_RCC_GetSysClockFreq
 .text.HAL_RCC_GetHCLKFreq
                0x0800219c       0x18 ./Drivers/STM32L4xx_HAL_Driver/Src/stm32l4xx_hal_rcc.o
                0x0800219c                HAL_RCC_GetHCLKFreq
 .text.HAL_RCC_GetPCLK1Freq
                0x080021b4       0x2c ./Drivers/STM32L4xx_HAL_Driver/Src/stm32l4xx_hal_rcc.o
                0x080021b4                HAL_RCC_GetPCLK1Freq
 .text.HAL_RCC_GetPCLK2Freq
                0x080021e0       0x2c ./Drivers/STM32L4xx_HAL_Driver/Src/stm32l4xx_hal_rcc.o
                0x080021e0                HAL_RCC_GetPCLK2Freq
 .text.RCC_SetFlashLatencyFromMSIRange
                0x0800220c       0xc0 ./Drivers/STM32L4xx_HAL_Driver/Src/stm32l4xx_hal_rcc.o
 .text.HAL_RCCEx_PeriphCLKConfig
                0x080022cc      0x5f8 ./Drivers/STM32L4xx_HAL_Driver/Src/stm32l4xx_hal_rcc_ex.o
                0x080022cc                HAL_RCCEx_PeriphCLKConfig
 .text.RCCEx_PLLSAI1_Config
                0x080028c4      0x1e4 ./Drivers/STM32L4xx_HAL_Driver/Src/stm32l4xx_hal_rcc_ex.o
 .text.RCCEx_PLLSAI2_Config
                0x08002aa8      0x1b8 ./Drivers/STM32L4xx_HAL_Driver/Src/stm32l4xx_hal_rcc_ex.o
 .text.HAL_TIM_PWM_Init
                0x08002c60       0xae ./Drivers/STM32L4xx_HAL_Driver/Src/stm32l4xx_hal_tim.o
                0x08002c60                HAL_TIM_PWM_Init
 *fill*         0x08002d0e        0x2 
 .text.HAL_TIM_PWM_Start
                0x08002d10      0x20c ./Drivers/STM32L4xx_HAL_Driver/Src/stm32l4xx_hal_tim.o
                0x08002d10                HAL_TIM_PWM_Start
 .text.HAL_TIM_PWM_Stop
                0x08002f1c      0x12c ./Drivers/STM32L4xx_HAL_Driver/Src/stm32l4xx_hal_tim.o
                0x08002f1c                HAL_TIM_PWM_Stop
 .text.HAL_TIM_PWM_ConfigChannel
                0x08003048      0x228 ./Drivers/STM32L4xx_HAL_Driver/Src/stm32l4xx_hal_tim.o
                0x08003048                HAL_TIM_PWM_ConfigChannel
 .text.TIM_Base_SetConfig
                0x08003270      0x14c ./Drivers/STM32L4xx_HAL_Driver/Src/stm32l4xx_hal_tim.o
                0x08003270                TIM_Base_SetConfig
 .text.TIM_OC1_SetConfig
                0x080033bc      0x120 ./Drivers/STM32L4xx_HAL_Driver/Src/stm32l4xx_hal_tim.o
 .text.TIM_OC2_SetConfig
                0x080034dc      0x114 ./Drivers/STM32L4xx_HAL_Driver/Src/stm32l4xx_hal_tim.o
                0x080034dc                TIM_OC2_SetConfig
 .text.TIM_OC3_SetConfig
                0x080035f0      0x110 ./Drivers/STM32L4xx_HAL_Driver/Src/stm32l4xx_hal_tim.o
 .text.TIM_OC4_SetConfig
                0x08003700       0xd4 ./Drivers/STM32L4xx_HAL_Driver/Src/stm32l4xx_hal_tim.o
 .text.TIM_OC5_SetConfig
                0x080037d4       0xc8 ./Drivers/STM32L4xx_HAL_Driver/Src/stm32l4xx_hal_tim.o
 .text.TIM_OC6_SetConfig
                0x0800389c       0xcc ./Drivers/STM32L4xx_HAL_Driver/Src/stm32l4xx_hal_tim.o
 .text.TIM_CCxChannelCmd
                0x08003968       0x4a ./Drivers/STM32L4xx_HAL_Driver/Src/stm32l4xx_hal_tim.o
                0x08003968                TIM_CCxChannelCmd
 .text.HAL_UART_Init
                0x080039b2       0x9c ./Drivers/STM32L4xx_HAL_Driver/Src/stm32l4xx_hal_uart.o
                0x080039b2                HAL_UART_Init
 .text.HAL_UART_Transmit
                0x08003a4e      0x112 ./Drivers/STM32L4xx_HAL_Driver/Src/stm32l4xx_hal_uart.o
                0x08003a4e                HAL_UART_Transmit
 .text.HAL_UART_Receive
                0x08003b60      0x192 ./Drivers/STM32L4xx_HAL_Driver/Src/stm32l4xx_hal_uart.o
                0x08003b60                HAL_UART_Receive
 *fill*         0x08003cf2        0x2 
 .text.UART_SetConfig
                0x08003cf4      0x570 ./Drivers/STM32L4xx_HAL_Driver/Src/stm32l4xx_hal_uart.o
                0x08003cf4                UART_SetConfig
 .text.UART_AdvFeatureConfig
                0x08004264      0x144 ./Drivers/STM32L4xx_HAL_Driver/Src/stm32l4xx_hal_uart.o
                0x08004264                UART_AdvFeatureConfig
 .text.UART_CheckIdleState
                0x080043a8      0x150 ./Drivers/STM32L4xx_HAL_Driver/Src/stm32l4xx_hal_uart.o
                0x080043a8                UART_CheckIdleState
 .text.UART_WaitOnFlagUntilTimeout
                0x080044f8       0xda ./Drivers/STM32L4xx_HAL_Driver/Src/stm32l4xx_hal_uart.o
                0x080044f8                UART_WaitOnFlagUntilTimeout
 .text.UART_EndRxTransfer
                0x080045d2       0xc8 ./Drivers/STM32L4xx_HAL_Driver/Src/stm32l4xx_hal_uart.o
 *fill*         0x0800469a        0x2 
 .text.std      0x0800469c       0x6c C:/st/STM32CubeIDE_1.16.0/STM32CubeIDE/plugins/com.st.stm32cube.ide.mcu.externaltools.gnu-tools-for-stm32.12.3.rel1.win32_1.0.200.202406191623/tools/bin/../lib/gcc/arm-none-eabi/12.3.1/../../../../arm-none-eabi/lib/thumb/v7e-m+fp/hard\libc_nano.a(libc_a-findfp.o)
 .text.stdio_exit_handler
                0x08004708       0x18 C:/st/STM32CubeIDE_1.16.0/STM32CubeIDE/plugins/com.st.stm32cube.ide.mcu.externaltools.gnu-tools-for-stm32.12.3.rel1.win32_1.0.200.202406191623/tools/bin/../lib/gcc/arm-none-eabi/12.3.1/../../../../arm-none-eabi/lib/thumb/v7e-m+fp/hard\libc_nano.a(libc_a-findfp.o)
 .text.cleanup_stdio
                0x08004720       0x40 C:/st/STM32CubeIDE_1.16.0/STM32CubeIDE/plugins/com.st.stm32cube.ide.mcu.externaltools.gnu-tools-for-stm32.12.3.rel1.win32_1.0.200.202406191623/tools/bin/../lib/gcc/arm-none-eabi/12.3.1/../../../../arm-none-eabi/lib/thumb/v7e-m+fp/hard\libc_nano.a(libc_a-findfp.o)
 .text.global_stdio_init.part.0
                0x08004760       0x3c C:/st/STM32CubeIDE_1.16.0/STM32CubeIDE/plugins/com.st.stm32cube.ide.mcu.externaltools.gnu-tools-for-stm32.12.3.rel1.win32_1.0.200.202406191623/tools/bin/../lib/gcc/arm-none-eabi/12.3.1/../../../../arm-none-eabi/lib/thumb/v7e-m+fp/hard\libc_nano.a(libc_a-findfp.o)
 .text.__sfp_lock_acquire
                0x0800479c        0xc C:/st/STM32CubeIDE_1.16.0/STM32CubeIDE/plugins/com.st.stm32cube.ide.mcu.externaltools.gnu-tools-for-stm32.12.3.rel1.win32_1.0.200.202406191623/tools/bin/../lib/gcc/arm-none-eabi/12.3.1/../../../../arm-none-eabi/lib/thumb/v7e-m+fp/hard\libc_nano.a(libc_a-findfp.o)
                0x0800479c                __sfp_lock_acquire
 .text.__sfp_lock_release
                0x080047a8        0xc C:/st/STM32CubeIDE_1.16.0/STM32CubeIDE/plugins/com.st.stm32cube.ide.mcu.externaltools.gnu-tools-for-stm32.12.3.rel1.win32_1.0.200.202406191623/tools/bin/../lib/gcc/arm-none-eabi/12.3.1/../../../../arm-none-eabi/lib/thumb/v7e-m+fp/hard\libc_nano.a(libc_a-findfp.o)
                0x080047a8                __sfp_lock_release
 .text.__sinit  0x080047b4       0x30 C:/st/STM32CubeIDE_1.16.0/STM32CubeIDE/plugins/com.st.stm32cube.ide.mcu.externaltools.gnu-tools-for-stm32.12.3.rel1.win32_1.0.200.202406191623/tools/bin/../lib/gcc/arm-none-eabi/12.3.1/../../../../arm-none-eabi/lib/thumb/v7e-m+fp/hard\libc_nano.a(libc_a-findfp.o)
                0x080047b4                __sinit
 .text._fwalk_sglue
                0x080047e4       0x3c C:/st/STM32CubeIDE_1.16.0/STM32CubeIDE/plugins/com.st.stm32cube.ide.mcu.externaltools.gnu-tools-for-stm32.12.3.rel1.win32_1.0.200.202406191623/tools/bin/../lib/gcc/arm-none-eabi/12.3.1/../../../../arm-none-eabi/lib/thumb/v7e-m+fp/hard\libc_nano.a(libc_a-fwalk.o)
                0x080047e4                _fwalk_sglue
 .text.printf   0x08004820       0x24 C:/st/STM32CubeIDE_1.16.0/STM32CubeIDE/plugins/com.st.stm32cube.ide.mcu.externaltools.gnu-tools-for-stm32.12.3.rel1.win32_1.0.200.202406191623/tools/bin/../lib/gcc/arm-none-eabi/12.3.1/../../../../arm-none-eabi/lib/thumb/v7e-m+fp/hard\libc_nano.a(libc_a-printf.o)
                0x08004820                iprintf
                0x08004820                printf
 .text._puts_r  0x08004844       0xaa C:/st/STM32CubeIDE_1.16.0/STM32CubeIDE/plugins/com.st.stm32cube.ide.mcu.externaltools.gnu-tools-for-stm32.12.3.rel1.win32_1.0.200.202406191623/tools/bin/../lib/gcc/arm-none-eabi/12.3.1/../../../../arm-none-eabi/lib/thumb/v7e-m+fp/hard\libc_nano.a(libc_a-puts.o)
                0x08004844                _puts_r
 *fill*         0x080048ee        0x2 
 .text.puts     0x080048f0       0x10 C:/st/STM32CubeIDE_1.16.0/STM32CubeIDE/plugins/com.st.stm32cube.ide.mcu.externaltools.gnu-tools-for-stm32.12.3.rel1.win32_1.0.200.202406191623/tools/bin/../lib/gcc/arm-none-eabi/12.3.1/../../../../arm-none-eabi/lib/thumb/v7e-m+fp/hard\libc_nano.a(libc_a-puts.o)
                0x080048f0                puts
 .text.sprintf  0x08004900       0x40 C:/st/STM32CubeIDE_1.16.0/STM32CubeIDE/plugins/com.st.stm32cube.ide.mcu.externaltools.gnu-tools-for-stm32.12.3.rel1.win32_1.0.200.202406191623/tools/bin/../lib/gcc/arm-none-eabi/12.3.1/../../../../arm-none-eabi/lib/thumb/v7e-m+fp/hard\libc_nano.a(libc_a-sprintf.o)
                0x08004900                siprintf
                0x08004900                sprintf
 .text.sscanf   0x08004940       0x54 C:/st/STM32CubeIDE_1.16.0/STM32CubeIDE/plugins/com.st.stm32cube.ide.mcu.externaltools.gnu-tools-for-stm32.12.3.rel1.win32_1.0.200.202406191623/tools/bin/../lib/gcc/arm-none-eabi/12.3.1/../../../../arm-none-eabi/lib/thumb/v7e-m+fp/hard\libc_nano.a(libc_a-sscanf.o)
                0x08004940                siscanf
                0x08004940                sscanf
 .text.__sread  0x08004994       0x22 C:/st/STM32CubeIDE_1.16.0/STM32CubeIDE/plugins/com.st.stm32cube.ide.mcu.externaltools.gnu-tools-for-stm32.12.3.rel1.win32_1.0.200.202406191623/tools/bin/../lib/gcc/arm-none-eabi/12.3.1/../../../../arm-none-eabi/lib/thumb/v7e-m+fp/hard\libc_nano.a(libc_a-stdio.o)
                0x08004994                __sread
 .text.__seofread
                0x080049b6        0x4 C:/st/STM32CubeIDE_1.16.0/STM32CubeIDE/plugins/com.st.stm32cube.ide.mcu.externaltools.gnu-tools-for-stm32.12.3.rel1.win32_1.0.200.202406191623/tools/bin/../lib/gcc/arm-none-eabi/12.3.1/../../../../arm-none-eabi/lib/thumb/v7e-m+fp/hard\libc_nano.a(libc_a-stdio.o)
                0x080049b6                __seofread
 .text.__swrite
                0x080049ba       0x38 C:/st/STM32CubeIDE_1.16.0/STM32CubeIDE/plugins/com.st.stm32cube.ide.mcu.externaltools.gnu-tools-for-stm32.12.3.rel1.win32_1.0.200.202406191623/tools/bin/../lib/gcc/arm-none-eabi/12.3.1/../../../../arm-none-eabi/lib/thumb/v7e-m+fp/hard\libc_nano.a(libc_a-stdio.o)
                0x080049ba                __swrite
 .text.__sseek  0x080049f2       0x24 C:/st/STM32CubeIDE_1.16.0/STM32CubeIDE/plugins/com.st.stm32cube.ide.mcu.externaltools.gnu-tools-for-stm32.12.3.rel1.win32_1.0.200.202406191623/tools/bin/../lib/gcc/arm-none-eabi/12.3.1/../../../../arm-none-eabi/lib/thumb/v7e-m+fp/hard\libc_nano.a(libc_a-stdio.o)
                0x080049f2                __sseek
 .text.__sclose
                0x08004a16        0x8 C:/st/STM32CubeIDE_1.16.0/STM32CubeIDE/plugins/com.st.stm32cube.ide.mcu.externaltools.gnu-tools-for-stm32.12.3.rel1.win32_1.0.200.202406191623/tools/bin/../lib/gcc/arm-none-eabi/12.3.1/../../../../arm-none-eabi/lib/thumb/v7e-m+fp/hard\libc_nano.a(libc_a-stdio.o)
                0x08004a16                __sclose
 .text.__swbuf_r
                0x08004a1e       0x7c C:/st/STM32CubeIDE_1.16.0/STM32CubeIDE/plugins/com.st.stm32cube.ide.mcu.externaltools.gnu-tools-for-stm32.12.3.rel1.win32_1.0.200.202406191623/tools/bin/../lib/gcc/arm-none-eabi/12.3.1/../../../../arm-none-eabi/lib/thumb/v7e-m+fp/hard\libc_nano.a(libc_a-wbuf.o)
                0x08004a1e                __swbuf_r
 *fill*         0x08004a9a        0x2 
 .text.__swsetup_r
                0x08004a9c       0xac C:/st/STM32CubeIDE_1.16.0/STM32CubeIDE/plugins/com.st.stm32cube.ide.mcu.externaltools.gnu-tools-for-stm32.12.3.rel1.win32_1.0.200.202406191623/tools/bin/../lib/gcc/arm-none-eabi/12.3.1/../../../../arm-none-eabi/lib/thumb/v7e-m+fp/hard\libc_nano.a(libc_a-wsetup.o)
                0x08004a9c                __swsetup_r
 .text.memset   0x08004b48       0x10 C:/st/STM32CubeIDE_1.16.0/STM32CubeIDE/plugins/com.st.stm32cube.ide.mcu.externaltools.gnu-tools-for-stm32.12.3.rel1.win32_1.0.200.202406191623/tools/bin/../lib/gcc/arm-none-eabi/12.3.1/../../../../arm-none-eabi/lib/thumb/v7e-m+fp/hard\libc_nano.a(libc_a-memset.o)
                0x08004b48                memset
 .text._close_r
                0x08004b58       0x20 C:/st/STM32CubeIDE_1.16.0/STM32CubeIDE/plugins/com.st.stm32cube.ide.mcu.externaltools.gnu-tools-for-stm32.12.3.rel1.win32_1.0.200.202406191623/tools/bin/../lib/gcc/arm-none-eabi/12.3.1/../../../../arm-none-eabi/lib/thumb/v7e-m+fp/hard\libc_nano.a(libc_a-closer.o)
                0x08004b58                _close_r
 .text._lseek_r
                0x08004b78       0x24 C:/st/STM32CubeIDE_1.16.0/STM32CubeIDE/plugins/com.st.stm32cube.ide.mcu.externaltools.gnu-tools-for-stm32.12.3.rel1.win32_1.0.200.202406191623/tools/bin/../lib/gcc/arm-none-eabi/12.3.1/../../../../arm-none-eabi/lib/thumb/v7e-m+fp/hard\libc_nano.a(libc_a-lseekr.o)
                0x08004b78                _lseek_r
 .text._read_r  0x08004b9c       0x24 C:/st/STM32CubeIDE_1.16.0/STM32CubeIDE/plugins/com.st.stm32cube.ide.mcu.externaltools.gnu-tools-for-stm32.12.3.rel1.win32_1.0.200.202406191623/tools/bin/../lib/gcc/arm-none-eabi/12.3.1/../../../../arm-none-eabi/lib/thumb/v7e-m+fp/hard\libc_nano.a(libc_a-readr.o)
                0x08004b9c                _read_r
 .text._write_r
                0x08004bc0       0x24 C:/st/STM32CubeIDE_1.16.0/STM32CubeIDE/plugins/com.st.stm32cube.ide.mcu.externaltools.gnu-tools-for-stm32.12.3.rel1.win32_1.0.200.202406191623/tools/bin/../lib/gcc/arm-none-eabi/12.3.1/../../../../arm-none-eabi/lib/thumb/v7e-m+fp/hard\libc_nano.a(libc_a-writer.o)
                0x08004bc0                _write_r
 .text.__errno  0x08004be4        0xc C:/st/STM32CubeIDE_1.16.0/STM32CubeIDE/plugins/com.st.stm32cube.ide.mcu.externaltools.gnu-tools-for-stm32.12.3.rel1.win32_1.0.200.202406191623/tools/bin/../lib/gcc/arm-none-eabi/12.3.1/../../../../arm-none-eabi/lib/thumb/v7e-m+fp/hard\libc_nano.a(libc_a-errno.o)
                0x08004be4                __errno
 .text.__libc_init_array
                0x08004bf0       0x48 C:/st/STM32CubeIDE_1.16.0/STM32CubeIDE/plugins/com.st.stm32cube.ide.mcu.externaltools.gnu-tools-for-stm32.12.3.rel1.win32_1.0.200.202406191623/tools/bin/../lib/gcc/arm-none-eabi/12.3.1/../../../../arm-none-eabi/lib/thumb/v7e-m+fp/hard\libc_nano.a(libc_a-init.o)
                0x08004bf0                __libc_init_array
 .text.__retarget_lock_init_recursive
                0x08004c38        0x2 C:/st/STM32CubeIDE_1.16.0/STM32CubeIDE/plugins/com.st.stm32cube.ide.mcu.externaltools.gnu-tools-for-stm32.12.3.rel1.win32_1.0.200.202406191623/tools/bin/../lib/gcc/arm-none-eabi/12.3.1/../../../../arm-none-eabi/lib/thumb/v7e-m+fp/hard\libc_nano.a(libc_a-lock.o)
                0x08004c38                __retarget_lock_init_recursive
 .text.__retarget_lock_acquire_recursive
                0x08004c3a        0x2 C:/st/STM32CubeIDE_1.16.0/STM32CubeIDE/plugins/com.st.stm32cube.ide.mcu.externaltools.gnu-tools-for-stm32.12.3.rel1.win32_1.0.200.202406191623/tools/bin/../lib/gcc/arm-none-eabi/12.3.1/../../../../arm-none-eabi/lib/thumb/v7e-m+fp/hard\libc_nano.a(libc_a-lock.o)
                0x08004c3a                __retarget_lock_acquire_recursive
 .text.__retarget_lock_release_recursive
                0x08004c3c        0x2 C:/st/STM32CubeIDE_1.16.0/STM32CubeIDE/plugins/com.st.stm32cube.ide.mcu.externaltools.gnu-tools-for-stm32.12.3.rel1.win32_1.0.200.202406191623/tools/bin/../lib/gcc/arm-none-eabi/12.3.1/../../../../arm-none-eabi/lib/thumb/v7e-m+fp/hard\libc_nano.a(libc_a-lock.o)
                0x08004c3c                __retarget_lock_release_recursive
 *fill*         0x08004c3e        0x2 
 .text._free_r  0x08004c40       0x94 C:/st/STM32CubeIDE_1.16.0/STM32CubeIDE/plugins/com.st.stm32cube.ide.mcu.externaltools.gnu-tools-for-stm32.12.3.rel1.win32_1.0.200.202406191623/tools/bin/../lib/gcc/arm-none-eabi/12.3.1/../../../../arm-none-eabi/lib/thumb/v7e-m+fp/hard\libc_nano.a(libc_a-freer.o)
                0x08004c40                _free_r
 .text.sbrk_aligned
                0x08004cd4       0x44 C:/st/STM32CubeIDE_1.16.0/STM32CubeIDE/plugins/com.st.stm32cube.ide.mcu.externaltools.gnu-tools-for-stm32.12.3.rel1.win32_1.0.200.202406191623/tools/bin/../lib/gcc/arm-none-eabi/12.3.1/../../../../arm-none-eabi/lib/thumb/v7e-m+fp/hard\libc_nano.a(libc_a-mallocr.o)
 .text._malloc_r
                0x08004d18      0x100 C:/st/STM32CubeIDE_1.16.0/STM32CubeIDE/plugins/com.st.stm32cube.ide.mcu.externaltools.gnu-tools-for-stm32.12.3.rel1.win32_1.0.200.202406191623/tools/bin/../lib/gcc/arm-none-eabi/12.3.1/../../../../arm-none-eabi/lib/thumb/v7e-m+fp/hard\libc_nano.a(libc_a-mallocr.o)
                0x08004d18                _malloc_r
 .text.__malloc_lock
                0x08004e18        0xc C:/st/STM32CubeIDE_1.16.0/STM32CubeIDE/plugins/com.st.stm32cube.ide.mcu.externaltools.gnu-tools-for-stm32.12.3.rel1.win32_1.0.200.202406191623/tools/bin/../lib/gcc/arm-none-eabi/12.3.1/../../../../arm-none-eabi/lib/thumb/v7e-m+fp/hard\libc_nano.a(libc_a-mlock.o)
                0x08004e18                __malloc_lock
 .text.__malloc_unlock
                0x08004e24        0xc C:/st/STM32CubeIDE_1.16.0/STM32CubeIDE/plugins/com.st.stm32cube.ide.mcu.externaltools.gnu-tools-for-stm32.12.3.rel1.win32_1.0.200.202406191623/tools/bin/../lib/gcc/arm-none-eabi/12.3.1/../../../../arm-none-eabi/lib/thumb/v7e-m+fp/hard\libc_nano.a(libc_a-mlock.o)
                0x08004e24                __malloc_unlock
 .text.__ssputs_r
                0x08004e30       0xb6 C:/st/STM32CubeIDE_1.16.0/STM32CubeIDE/plugins/com.st.stm32cube.ide.mcu.externaltools.gnu-tools-for-stm32.12.3.rel1.win32_1.0.200.202406191623/tools/bin/../lib/gcc/arm-none-eabi/12.3.1/../../../../arm-none-eabi/lib/thumb/v7e-m+fp/hard\libc_nano.a(libc_a-nano-svfprintf.o)
                0x08004e30                __ssputs_r
 *fill*         0x08004ee6        0x2 
 .text._svfprintf_r
                0x08004ee8      0x1f8 C:/st/STM32CubeIDE_1.16.0/STM32CubeIDE/plugins/com.st.stm32cube.ide.mcu.externaltools.gnu-tools-for-stm32.12.3.rel1.win32_1.0.200.202406191623/tools/bin/../lib/gcc/arm-none-eabi/12.3.1/../../../../arm-none-eabi/lib/thumb/v7e-m+fp/hard\libc_nano.a(libc_a-nano-svfprintf.o)
                0x08004ee8                _svfiprintf_r
                0x08004ee8                _svfprintf_r
 .text._sungetc_r
                0x080050e0       0x76 C:/st/STM32CubeIDE_1.16.0/STM32CubeIDE/plugins/com.st.stm32cube.ide.mcu.externaltools.gnu-tools-for-stm32.12.3.rel1.win32_1.0.200.202406191623/tools/bin/../lib/gcc/arm-none-eabi/12.3.1/../../../../arm-none-eabi/lib/thumb/v7e-m+fp/hard\libc_nano.a(libc_a-nano-svfscanf.o)
                0x080050e0                _sungetc_r
 .text.__ssrefill_r
                0x08005156       0x3a C:/st/STM32CubeIDE_1.16.0/STM32CubeIDE/plugins/com.st.stm32cube.ide.mcu.externaltools.gnu-tools-for-stm32.12.3.rel1.win32_1.0.200.202406191623/tools/bin/../lib/gcc/arm-none-eabi/12.3.1/../../../../arm-none-eabi/lib/thumb/v7e-m+fp/hard\libc_nano.a(libc_a-nano-svfscanf.o)
                0x08005156                __ssrefill_r
 .text.__ssvfscanf_r
                0x08005190      0x2e8 C:/st/STM32CubeIDE_1.16.0/STM32CubeIDE/plugins/com.st.stm32cube.ide.mcu.externaltools.gnu-tools-for-stm32.12.3.rel1.win32_1.0.200.202406191623/tools/bin/../lib/gcc/arm-none-eabi/12.3.1/../../../../arm-none-eabi/lib/thumb/v7e-m+fp/hard\libc_nano.a(libc_a-nano-svfscanf.o)
                0x08005190                __ssvfiscanf_r
                0x08005190                __ssvfscanf_r
 .text.__sfputc_r
                0x08005478       0x2e C:/st/STM32CubeIDE_1.16.0/STM32CubeIDE/plugins/com.st.stm32cube.ide.mcu.externaltools.gnu-tools-for-stm32.12.3.rel1.win32_1.0.200.202406191623/tools/bin/../lib/gcc/arm-none-eabi/12.3.1/../../../../arm-none-eabi/lib/thumb/v7e-m+fp/hard\libc_nano.a(libc_a-nano-vfprintf.o)
 .text.__sfputs_r
                0x080054a6       0x24 C:/st/STM32CubeIDE_1.16.0/STM32CubeIDE/plugins/com.st.stm32cube.ide.mcu.externaltools.gnu-tools-for-stm32.12.3.rel1.win32_1.0.200.202406191623/tools/bin/../lib/gcc/arm-none-eabi/12.3.1/../../../../arm-none-eabi/lib/thumb/v7e-m+fp/hard\libc_nano.a(libc_a-nano-vfprintf.o)
                0x080054a6                __sfputs_r
 *fill*         0x080054ca        0x2 
 .text._vfprintf_r
                0x080054cc      0x230 C:/st/STM32CubeIDE_1.16.0/STM32CubeIDE/plugins/com.st.stm32cube.ide.mcu.externaltools.gnu-tools-for-stm32.12.3.rel1.win32_1.0.200.202406191623/tools/bin/../lib/gcc/arm-none-eabi/12.3.1/../../../../arm-none-eabi/lib/thumb/v7e-m+fp/hard\libc_nano.a(libc_a-nano-vfprintf.o)
                0x080054cc                _vfprintf_r
                0x080054cc                _vfiprintf_r
 .text._printf_common
                0x080056fc       0xda C:/st/STM32CubeIDE_1.16.0/STM32CubeIDE/plugins/com.st.stm32cube.ide.mcu.externaltools.gnu-tools-for-stm32.12.3.rel1.win32_1.0.200.202406191623/tools/bin/../lib/gcc/arm-none-eabi/12.3.1/../../../../arm-none-eabi/lib/thumb/v7e-m+fp/hard\libc_nano.a(libc_a-nano-vfprintf_i.o)
                0x080056fc                _printf_common
 *fill*         0x080057d6        0x2 
 .text._printf_i
                0x080057d8      0x240 C:/st/STM32CubeIDE_1.16.0/STM32CubeIDE/plugins/com.st.stm32cube.ide.mcu.externaltools.gnu-tools-for-stm32.12.3.rel1.win32_1.0.200.202406191623/tools/bin/../lib/gcc/arm-none-eabi/12.3.1/../../../../arm-none-eabi/lib/thumb/v7e-m+fp/hard\libc_nano.a(libc_a-nano-vfprintf_i.o)
                0x080057d8                _printf_i
 .text._scanf_chars
                0x08005a18       0xb4 C:/st/STM32CubeIDE_1.16.0/STM32CubeIDE/plugins/com.st.stm32cube.ide.mcu.externaltools.gnu-tools-for-stm32.12.3.rel1.win32_1.0.200.202406191623/tools/bin/../lib/gcc/arm-none-eabi/12.3.1/../../../../arm-none-eabi/lib/thumb/v7e-m+fp/hard\libc_nano.a(libc_a-nano-vfscanf_i.o)
                0x08005a18                _scanf_chars
 .text._scanf_i
                0x08005acc      0x1e8 C:/st/STM32CubeIDE_1.16.0/STM32CubeIDE/plugins/com.st.stm32cube.ide.mcu.externaltools.gnu-tools-for-stm32.12.3.rel1.win32_1.0.200.202406191623/tools/bin/../lib/gcc/arm-none-eabi/12.3.1/../../../../arm-none-eabi/lib/thumb/v7e-m+fp/hard\libc_nano.a(libc_a-nano-vfscanf_i.o)
                0x08005acc                _scanf_i
 .text.__sflush_r
                0x08005cb4      0x108 C:/st/STM32CubeIDE_1.16.0/STM32CubeIDE/plugins/com.st.stm32cube.ide.mcu.externaltools.gnu-tools-for-stm32.12.3.rel1.win32_1.0.200.202406191623/tools/bin/../lib/gcc/arm-none-eabi/12.3.1/../../../../arm-none-eabi/lib/thumb/v7e-m+fp/hard\libc_nano.a(libc_a-fflush.o)
                0x08005cb4                __sflush_r
 .text._fflush_r
                0x08005dbc       0x50 C:/st/STM32CubeIDE_1.16.0/STM32CubeIDE/plugins/com.st.stm32cube.ide.mcu.externaltools.gnu-tools-for-stm32.12.3.rel1.win32_1.0.200.202406191623/tools/bin/../lib/gcc/arm-none-eabi/12.3.1/../../../../arm-none-eabi/lib/thumb/v7e-m+fp/hard\libc_nano.a(libc_a-fflush.o)
                0x08005dbc                _fflush_r
 .text.__swhatbuf_r
                0x08005e0c       0x4c C:/st/STM32CubeIDE_1.16.0/STM32CubeIDE/plugins/com.st.stm32cube.ide.mcu.externaltools.gnu-tools-for-stm32.12.3.rel1.win32_1.0.200.202406191623/tools/bin/../lib/gcc/arm-none-eabi/12.3.1/../../../../arm-none-eabi/lib/thumb/v7e-m+fp/hard\libc_nano.a(libc_a-makebuf.o)
                0x08005e0c                __swhatbuf_r
 .text.__smakebuf_r
                0x08005e58       0x78 C:/st/STM32CubeIDE_1.16.0/STM32CubeIDE/plugins/com.st.stm32cube.ide.mcu.externaltools.gnu-tools-for-stm32.12.3.rel1.win32_1.0.200.202406191623/tools/bin/../lib/gcc/arm-none-eabi/12.3.1/../../../../arm-none-eabi/lib/thumb/v7e-m+fp/hard\libc_nano.a(libc_a-makebuf.o)
                0x08005e58                __smakebuf_r
 .text.__sccl   0x08005ed0       0x72 C:/st/STM32CubeIDE_1.16.0/STM32CubeIDE/plugins/com.st.stm32cube.ide.mcu.externaltools.gnu-tools-for-stm32.12.3.rel1.win32_1.0.200.202406191623/tools/bin/../lib/gcc/arm-none-eabi/12.3.1/../../../../arm-none-eabi/lib/thumb/v7e-m+fp/hard\libc_nano.a(libc_a-sccl.o)
                0x08005ed0                __sccl
 .text.__submore
                0x08005f42       0x74 C:/st/STM32CubeIDE_1.16.0/STM32CubeIDE/plugins/com.st.stm32cube.ide.mcu.externaltools.gnu-tools-for-stm32.12.3.rel1.win32_1.0.200.202406191623/tools/bin/../lib/gcc/arm-none-eabi/12.3.1/../../../../arm-none-eabi/lib/thumb/v7e-m+fp/hard\libc_nano.a(libc_a-ungetc.o)
                0x08005f42                __submore
 .text.memmove  0x08005fb6       0x34 C:/st/STM32CubeIDE_1.16.0/STM32CubeIDE/plugins/com.st.stm32cube.ide.mcu.externaltools.gnu-tools-for-stm32.12.3.rel1.win32_1.0.200.202406191623/tools/bin/../lib/gcc/arm-none-eabi/12.3.1/../../../../arm-none-eabi/lib/thumb/v7e-m+fp/hard\libc_nano.a(libc_a-memmove.o)
                0x08005fb6                memmove
 *fill*         0x08005fea        0x2 
 .text._fstat_r
                0x08005fec       0x24 C:/st/STM32CubeIDE_1.16.0/STM32CubeIDE/plugins/com.st.stm32cube.ide.mcu.externaltools.gnu-tools-for-stm32.12.3.rel1.win32_1.0.200.202406191623/tools/bin/../lib/gcc/arm-none-eabi/12.3.1/../../../../arm-none-eabi/lib/thumb/v7e-m+fp/hard\libc_nano.a(libc_a-fstatr.o)
                0x08005fec                _fstat_r
 .text._isatty_r
                0x08006010       0x20 C:/st/STM32CubeIDE_1.16.0/STM32CubeIDE/plugins/com.st.stm32cube.ide.mcu.externaltools.gnu-tools-for-stm32.12.3.rel1.win32_1.0.200.202406191623/tools/bin/../lib/gcc/arm-none-eabi/12.3.1/../../../../arm-none-eabi/lib/thumb/v7e-m+fp/hard\libc_nano.a(libc_a-isattyr.o)
                0x08006010                _isatty_r
 .text._sbrk_r  0x08006030       0x20 C:/st/STM32CubeIDE_1.16.0/STM32CubeIDE/plugins/com.st.stm32cube.ide.mcu.externaltools.gnu-tools-for-stm32.12.3.rel1.win32_1.0.200.202406191623/tools/bin/../lib/gcc/arm-none-eabi/12.3.1/../../../../arm-none-eabi/lib/thumb/v7e-m+fp/hard\libc_nano.a(libc_a-sbrkr.o)
                0x08006030                _sbrk_r
 .text.memcpy   0x08006050       0x1c C:/st/STM32CubeIDE_1.16.0/STM32CubeIDE/plugins/com.st.stm32cube.ide.mcu.externaltools.gnu-tools-for-stm32.12.3.rel1.win32_1.0.200.202406191623/tools/bin/../lib/gcc/arm-none-eabi/12.3.1/../../../../arm-none-eabi/lib/thumb/v7e-m+fp/hard\libc_nano.a(libc_a-memcpy-stub.o)
                0x08006050                memcpy
 .text._realloc_r
                0x0800606c       0x5c C:/st/STM32CubeIDE_1.16.0/STM32CubeIDE/plugins/com.st.stm32cube.ide.mcu.externaltools.gnu-tools-for-stm32.12.3.rel1.win32_1.0.200.202406191623/tools/bin/../lib/gcc/arm-none-eabi/12.3.1/../../../../arm-none-eabi/lib/thumb/v7e-m+fp/hard\libc_nano.a(libc_a-reallocr.o)
                0x0800606c                _realloc_r
 .text._strtol_l.constprop.0
                0x080060c8       0xf4 C:/st/STM32CubeIDE_1.16.0/STM32CubeIDE/plugins/com.st.stm32cube.ide.mcu.externaltools.gnu-tools-for-stm32.12.3.rel1.win32_1.0.200.202406191623/tools/bin/../lib/gcc/arm-none-eabi/12.3.1/../../../../arm-none-eabi/lib/thumb/v7e-m+fp/hard\libc_nano.a(libc_a-strtol.o)
 .text._strtol_r
                0x080061bc        0x4 C:/st/STM32CubeIDE_1.16.0/STM32CubeIDE/plugins/com.st.stm32cube.ide.mcu.externaltools.gnu-tools-for-stm32.12.3.rel1.win32_1.0.200.202406191623/tools/bin/../lib/gcc/arm-none-eabi/12.3.1/../../../../arm-none-eabi/lib/thumb/v7e-m+fp/hard\libc_nano.a(libc_a-strtol.o)
                0x080061bc                _strtol_r
 .text._strtoul_l.constprop.0
                0x080061c0       0xdc C:/st/STM32CubeIDE_1.16.0/STM32CubeIDE/plugins/com.st.stm32cube.ide.mcu.externaltools.gnu-tools-for-stm32.12.3.rel1.win32_1.0.200.202406191623/tools/bin/../lib/gcc/arm-none-eabi/12.3.1/../../../../arm-none-eabi/lib/thumb/v7e-m+fp/hard\libc_nano.a(libc_a-strtoul.o)
 .text._strtoul_r
                0x0800629c        0x4 C:/st/STM32CubeIDE_1.16.0/STM32CubeIDE/plugins/com.st.stm32cube.ide.mcu.externaltools.gnu-tools-for-stm32.12.3.rel1.win32_1.0.200.202406191623/tools/bin/../lib/gcc/arm-none-eabi/12.3.1/../../../../arm-none-eabi/lib/thumb/v7e-m+fp/hard\libc_nano.a(libc_a-strtoul.o)
                0x0800629c                _strtoul_r
 .text._malloc_usable_size_r
                0x080062a0       0x10 C:/st/STM32CubeIDE_1.16.0/STM32CubeIDE/plugins/com.st.stm32cube.ide.mcu.externaltools.gnu-tools-for-stm32.12.3.rel1.win32_1.0.200.202406191623/tools/bin/../lib/gcc/arm-none-eabi/12.3.1/../../../../arm-none-eabi/lib/thumb/v7e-m+fp/hard\libc_nano.a(libc_a-msizer.o)
                0x080062a0                _malloc_usable_size_r
 *(.glue_7)
 .glue_7        0x080062b0        0x0 linker stubs
 *(.glue_7t)
 .glue_7t       0x080062b0        0x0 linker stubs
 *(.eh_frame)
 .eh_frame      0x080062b0        0x0 C:/st/STM32CubeIDE_1.16.0/STM32CubeIDE/plugins/com.st.stm32cube.ide.mcu.externaltools.gnu-tools-for-stm32.12.3.rel1.win32_1.0.200.202406191623/tools/bin/../lib/gcc/arm-none-eabi/12.3.1/thumb/v7e-m+fp/hard/crtbegin.o
 *(.init)
 .init          0x080062b0        0x4 C:/st/STM32CubeIDE_1.16.0/STM32CubeIDE/plugins/com.st.stm32cube.ide.mcu.externaltools.gnu-tools-for-stm32.12.3.rel1.win32_1.0.200.202406191623/tools/bin/../lib/gcc/arm-none-eabi/12.3.1/thumb/v7e-m+fp/hard/crti.o
                0x080062b0                _init
 .init          0x080062b4        0x8 C:/st/STM32CubeIDE_1.16.0/STM32CubeIDE/plugins/com.st.stm32cube.ide.mcu.externaltools.gnu-tools-for-stm32.12.3.rel1.win32_1.0.200.202406191623/tools/bin/../lib/gcc/arm-none-eabi/12.3.1/thumb/v7e-m+fp/hard/crtn.o
 *(.fini)
 .fini          0x080062bc        0x4 C:/st/STM32CubeIDE_1.16.0/STM32CubeIDE/plugins/com.st.stm32cube.ide.mcu.externaltools.gnu-tools-for-stm32.12.3.rel1.win32_1.0.200.202406191623/tools/bin/../lib/gcc/arm-none-eabi/12.3.1/thumb/v7e-m+fp/hard/crti.o
                0x080062bc                _fini
 .fini          0x080062c0        0x8 C:/st/STM32CubeIDE_1.16.0/STM32CubeIDE/plugins/com.st.stm32cube.ide.mcu.externaltools.gnu-tools-for-stm32.12.3.rel1.win32_1.0.200.202406191623/tools/bin/../lib/gcc/arm-none-eabi/12.3.1/thumb/v7e-m+fp/hard/crtn.o
                0x080062c8                        . = ALIGN (0x4)
                0x080062c8                        _etext = .

.vfp11_veneer   0x080062c8        0x0
 .vfp11_veneer  0x080062c8        0x0 linker stubs

.v4_bx          0x080062c8        0x0
 .v4_bx         0x080062c8        0x0 linker stubs

.iplt           0x080062c8        0x0
 .iplt          0x080062c8        0x0 C:/st/STM32CubeIDE_1.16.0/STM32CubeIDE/plugins/com.st.stm32cube.ide.mcu.externaltools.gnu-tools-for-stm32.12.3.rel1.win32_1.0.200.202406191623/tools/bin/../lib/gcc/arm-none-eabi/12.3.1/thumb/v7e-m+fp/hard/crtbegin.o

.rodata         0x080062c8      0x410
                0x080062c8                        . = ALIGN (0x4)
 *(.rodata)
 .rodata        0x080062c8      0x269 ./Core/Src/main.o
 *fill*         0x08006531        0x3 
 .rodata        0x08006534        0xc C:/st/STM32CubeIDE_1.16.0/STM32CubeIDE/plugins/com.st.stm32cube.ide.mcu.externaltools.gnu-tools-for-stm32.12.3.rel1.win32_1.0.200.202406191623/tools/bin/../lib/gcc/arm-none-eabi/12.3.1/../../../../arm-none-eabi/lib/thumb/v7e-m+fp/hard\libc_nano.a(libc_a-nano-vfscanf_i.o)
 *(.rodata*)
 .rodata.AHBPrescTable
                0x08006540       0x10 ./Core/Src/system_stm32l4xx.o
                0x08006540                AHBPrescTable
 .rodata.APBPrescTable
                0x08006550        0x8 ./Core/Src/system_stm32l4xx.o
                0x08006550                APBPrescTable
 .rodata.MSIRangeTable
                0x08006558       0x30 ./Core/Src/system_stm32l4xx.o
                0x08006558                MSIRangeTable
 .rodata._svfprintf_r.str1.1
                0x08006588       0x11 C:/st/STM32CubeIDE_1.16.0/STM32CubeIDE/plugins/com.st.stm32cube.ide.mcu.externaltools.gnu-tools-for-stm32.12.3.rel1.win32_1.0.200.202406191623/tools/bin/../lib/gcc/arm-none-eabi/12.3.1/../../../../arm-none-eabi/lib/thumb/v7e-m+fp/hard\libc_nano.a(libc_a-nano-svfprintf.o)
 .rodata.__ssvfscanf_r.str1.1
                0x08006599        0x4 C:/st/STM32CubeIDE_1.16.0/STM32CubeIDE/plugins/com.st.stm32cube.ide.mcu.externaltools.gnu-tools-for-stm32.12.3.rel1.win32_1.0.200.202406191623/tools/bin/../lib/gcc/arm-none-eabi/12.3.1/../../../../arm-none-eabi/lib/thumb/v7e-m+fp/hard\libc_nano.a(libc_a-nano-svfscanf.o)
 .rodata._vfprintf_r.str1.1
                0x08006599       0x11 C:/st/STM32CubeIDE_1.16.0/STM32CubeIDE/plugins/com.st.stm32cube.ide.mcu.externaltools.gnu-tools-for-stm32.12.3.rel1.win32_1.0.200.202406191623/tools/bin/../lib/gcc/arm-none-eabi/12.3.1/../../../../arm-none-eabi/lib/thumb/v7e-m+fp/hard\libc_nano.a(libc_a-nano-vfprintf.o)
 .rodata._printf_i.str1.1
                0x08006599       0x22 C:/st/STM32CubeIDE_1.16.0/STM32CubeIDE/plugins/com.st.stm32cube.ide.mcu.externaltools.gnu-tools-for-stm32.12.3.rel1.win32_1.0.200.202406191623/tools/bin/../lib/gcc/arm-none-eabi/12.3.1/../../../../arm-none-eabi/lib/thumb/v7e-m+fp/hard\libc_nano.a(libc_a-nano-vfprintf_i.o)
 .rodata._scanf_i.str1.1
                0x080065bb       0x12 C:/st/STM32CubeIDE_1.16.0/STM32CubeIDE/plugins/com.st.stm32cube.ide.mcu.externaltools.gnu-tools-for-stm32.12.3.rel1.win32_1.0.200.202406191623/tools/bin/../lib/gcc/arm-none-eabi/12.3.1/../../../../arm-none-eabi/lib/thumb/v7e-m+fp/hard\libc_nano.a(libc_a-nano-vfscanf_i.o)
 .rodata.str1.1
                0x080065cd        0x9 C:/st/STM32CubeIDE_1.16.0/STM32CubeIDE/plugins/com.st.stm32cube.ide.mcu.externaltools.gnu-tools-for-stm32.12.3.rel1.win32_1.0.200.202406191623/tools/bin/../lib/gcc/arm-none-eabi/12.3.1/../../../../arm-none-eabi/lib/thumb/v7e-m+fp/hard\libc_nano.a(libc_a-nano-vfscanf_i.o)
 .rodata._ctype_
                0x080065d6      0x101 C:/st/STM32CubeIDE_1.16.0/STM32CubeIDE/plugins/com.st.stm32cube.ide.mcu.externaltools.gnu-tools-for-stm32.12.3.rel1.win32_1.0.200.202406191623/tools/bin/../lib/gcc/arm-none-eabi/12.3.1/../../../../arm-none-eabi/lib/thumb/v7e-m+fp/hard\libc_nano.a(libc_a-ctype_.o)
                0x080065d6                _ctype_
                0x080066d8                        . = ALIGN (0x4)
 *fill*         0x080066d7        0x1 

.ARM.extab      0x080066d8        0x0
                0x080066d8                        . = ALIGN (0x4)
 *(.ARM.extab* .gnu.linkonce.armextab.*)
                0x080066d8                        . = ALIGN (0x4)

.ARM            0x080066d8        0x8
                0x080066d8                        . = ALIGN (0x4)
                0x080066d8                        __exidx_start = .
 *(.ARM.exidx*)
 .ARM.exidx     0x080066d8        0x8 C:/st/STM32CubeIDE_1.16.0/STM32CubeIDE/plugins/com.st.stm32cube.ide.mcu.externaltools.gnu-tools-for-stm32.12.3.rel1.win32_1.0.200.202406191623/tools/bin/../lib/gcc/arm-none-eabi/12.3.1/../../../../arm-none-eabi/lib/thumb/v7e-m+fp/hard\libc_nano.a(libc_a-strcmp.o)
 .ARM.exidx     0x080066e0        0x0 C:/st/STM32CubeIDE_1.16.0/STM32CubeIDE/plugins/com.st.stm32cube.ide.mcu.externaltools.gnu-tools-for-stm32.12.3.rel1.win32_1.0.200.202406191623/tools/bin/../lib/gcc/arm-none-eabi/12.3.1/../../../../arm-none-eabi/lib/thumb/v7e-m+fp/hard\libc_nano.a(libc_a-strlen.o)
                                  0x8 (size before relaxing)
 .ARM.exidx     0x080066e0        0x0 C:/st/STM32CubeIDE_1.16.0/STM32CubeIDE/plugins/com.st.stm32cube.ide.mcu.externaltools.gnu-tools-for-stm32.12.3.rel1.win32_1.0.200.202406191623/tools/bin/../lib/gcc/arm-none-eabi/12.3.1/../../../../arm-none-eabi/lib/thumb/v7e-m+fp/hard\libc_nano.a(libc_a-memchr.o)
                                  0x8 (size before relaxing)
 .ARM.exidx     0x080066e0        0x0 C:/st/STM32CubeIDE_1.16.0/STM32CubeIDE/plugins/com.st.stm32cube.ide.mcu.externaltools.gnu-tools-for-stm32.12.3.rel1.win32_1.0.200.202406191623/tools/bin/../lib/gcc/arm-none-eabi/12.3.1/thumb/v7e-m+fp/hard\libgcc.a(_udivmoddi4.o)
                                  0x8 (size before relaxing)
                0x080066e0                        __exidx_end = .
                0x080066e0                        . = ALIGN (0x4)

.preinit_array  0x080066e0        0x0
                0x080066e0                        . = ALIGN (0x4)
                0x080066e0                        PROVIDE (__preinit_array_start = .)
 *(.preinit_array*)
                0x080066e0                        PROVIDE (__preinit_array_end = .)
                0x080066e0                        . = ALIGN (0x4)

.init_array     0x080066e0        0x4
                0x080066e0                        . = ALIGN (0x4)
                0x080066e0                        PROVIDE (__init_array_start = .)
 *(SORT_BY_NAME(.init_array.*))
 *(.init_array*)
 .init_array    0x080066e0        0x4 C:/st/STM32CubeIDE_1.16.0/STM32CubeIDE/plugins/com.st.stm32cube.ide.mcu.externaltools.gnu-tools-for-stm32.12.3.rel1.win32_1.0.200.202406191623/tools/bin/../lib/gcc/arm-none-eabi/12.3.1/thumb/v7e-m+fp/hard/crtbegin.o
                0x080066e4                        PROVIDE (__init_array_end = .)
                0x080066e4                        . = ALIGN (0x4)

.fini_array     0x080066e4        0x4
                0x080066e4                        . = ALIGN (0x4)
                [!provide]                        PROVIDE (__fini_array_start = .)
 *(SORT_BY_NAME(.fini_array.*))
 *(.fini_array*)
 .fini_array    0x080066e4        0x4 C:/st/STM32CubeIDE_1.16.0/STM32CubeIDE/plugins/com.st.stm32cube.ide.mcu.externaltools.gnu-tools-for-stm32.12.3.rel1.win32_1.0.200.202406191623/tools/bin/../lib/gcc/arm-none-eabi/12.3.1/thumb/v7e-m+fp/hard/crtbegin.o
                [!provide]                        PROVIDE (__fini_array_end = .)
                0x080066e8                        . = ALIGN (0x4)
                0x080066e8                        _sidata = LOADADDR (.data)

.rel.dyn        0x080066e8        0x0
 .rel.iplt      0x080066e8        0x0 C:/st/STM32CubeIDE_1.16.0/STM32CubeIDE/plugins/com.st.stm32cube.ide.mcu.externaltools.gnu-tools-for-stm32.12.3.rel1.win32_1.0.200.202406191623/tools/bin/../lib/gcc/arm-none-eabi/12.3.1/thumb/v7e-m+fp/hard/crtbegin.o

.data           0x20000000       0x70 load address 0x080066e8
                0x20000000                        . = ALIGN (0x4)
                0x20000000                        _sdata = .
 *(.data)
 *(.data*)
 .data.pwm_frequency
                0x20000000        0x4 ./Core/Src/main.o
                0x20000000                pwm_frequency
 .data.duty_cycle
                0x20000004        0x1 ./Core/Src/main.o
                0x20000004                duty_cycle
 *fill*         0x20000005        0x3 
 .data.SystemCoreClock
                0x20000008        0x4 ./Core/Src/system_stm32l4xx.o
                0x20000008                SystemCoreClock
 .data.uwTickPrio
                0x2000000c        0x4 ./Drivers/STM32L4xx_HAL_Driver/Src/stm32l4xx_hal.o
                0x2000000c                uwTickPrio
 .data.uwTickFreq
                0x20000010        0x1 ./Drivers/STM32L4xx_HAL_Driver/Src/stm32l4xx_hal.o
                0x20000010                uwTickFreq
 *fill*         0x20000011        0x3 
 .data.__sglue  0x20000014        0xc C:/st/STM32CubeIDE_1.16.0/STM32CubeIDE/plugins/com.st.stm32cube.ide.mcu.externaltools.gnu-tools-for-stm32.12.3.rel1.win32_1.0.200.202406191623/tools/bin/../lib/gcc/arm-none-eabi/12.3.1/../../../../arm-none-eabi/lib/thumb/v7e-m+fp/hard\libc_nano.a(libc_a-findfp.o)
                0x20000014                __sglue
 .data._impure_ptr
                0x20000020        0x4 C:/st/STM32CubeIDE_1.16.0/STM32CubeIDE/plugins/com.st.stm32cube.ide.mcu.externaltools.gnu-tools-for-stm32.12.3.rel1.win32_1.0.200.202406191623/tools/bin/../lib/gcc/arm-none-eabi/12.3.1/../../../../arm-none-eabi/lib/thumb/v7e-m+fp/hard\libc_nano.a(libc_a-impure.o)
                0x20000020                _impure_ptr
 .data._impure_data
                0x20000024       0x4c C:/st/STM32CubeIDE_1.16.0/STM32CubeIDE/plugins/com.st.stm32cube.ide.mcu.externaltools.gnu-tools-for-stm32.12.3.rel1.win32_1.0.200.202406191623/tools/bin/../lib/gcc/arm-none-eabi/12.3.1/../../../../arm-none-eabi/lib/thumb/v7e-m+fp/hard\libc_nano.a(libc_a-impure.o)
                0x20000024                _impure_data
 *(.RamFunc)
 *(.RamFunc*)
                0x20000070                        . = ALIGN (0x4)
                0x20000070                        _edata = .

.igot.plt       0x20000070        0x0 load address 0x08006758
 .igot.plt      0x20000070        0x0 C:/st/STM32CubeIDE_1.16.0/STM32CubeIDE/plugins/com.st.stm32cube.ide.mcu.externaltools.gnu-tools-for-stm32.12.3.rel1.win32_1.0.200.202406191623/tools/bin/../lib/gcc/arm-none-eabi/12.3.1/thumb/v7e-m+fp/hard/crtbegin.o
                0x20000070                        . = ALIGN (0x4)

.bss            0x20000070      0x2e8 load address 0x08006758
                0x20000070                        _sbss = .
                0x20000070                        __bss_start__ = _sbss
 *(.bss)
 .bss           0x20000070       0x1c C:/st/STM32CubeIDE_1.16.0/STM32CubeIDE/plugins/com.st.stm32cube.ide.mcu.externaltools.gnu-tools-for-stm32.12.3.rel1.win32_1.0.200.202406191623/tools/bin/../lib/gcc/arm-none-eabi/12.3.1/thumb/v7e-m+fp/hard/crtbegin.o
 *(.bss*)
 .bss.hlpuart1  0x2000008c       0x88 ./Core/Src/main.o
                0x2000008c                hlpuart1
 .bss.htim4     0x20000114       0x4c ./Core/Src/main.o
                0x20000114                htim4
 .bss.uart_buf  0x20000160       0x64 ./Core/Src/main.o
                0x20000160                uart_buf
 .bss.uart_buf_len
                0x200001c4        0x4 ./Core/Src/main.o
                0x200001c4                uart_buf_len
 .bss.input     0x200001c8       0x32 ./Core/Src/main.o
                0x200001c8                input
 *fill*         0x200001fa        0x2 
 .bss.arr_value
                0x200001fc        0x4 ./Core/Src/main.o
                0x200001fc                arr_value
 .bss.pulse_value
                0x20000200        0x4 ./Core/Src/main.o
                0x20000200                pulse_value
 .bss.__sbrk_heap_end
                0x20000204        0x4 ./Core/Src/sysmem.o
 .bss.uwTick    0x20000208        0x4 ./Drivers/STM32L4xx_HAL_Driver/Src/stm32l4xx_hal.o
                0x20000208                uwTick
 .bss.__sf      0x2000020c      0x138 C:/st/STM32CubeIDE_1.16.0/STM32CubeIDE/plugins/com.st.stm32cube.ide.mcu.externaltools.gnu-tools-for-stm32.12.3.rel1.win32_1.0.200.202406191623/tools/bin/../lib/gcc/arm-none-eabi/12.3.1/../../../../arm-none-eabi/lib/thumb/v7e-m+fp/hard\libc_nano.a(libc_a-findfp.o)
                0x2000020c                __sf
 .bss.__stdio_exit_handler
                0x20000344        0x4 C:/st/STM32CubeIDE_1.16.0/STM32CubeIDE/plugins/com.st.stm32cube.ide.mcu.externaltools.gnu-tools-for-stm32.12.3.rel1.win32_1.0.200.202406191623/tools/bin/../lib/gcc/arm-none-eabi/12.3.1/../../../../arm-none-eabi/lib/thumb/v7e-m+fp/hard\libc_nano.a(libc_a-findfp.o)
                0x20000344                __stdio_exit_handler
 .bss.errno     0x20000348        0x4 C:/st/STM32CubeIDE_1.16.0/STM32CubeIDE/plugins/com.st.stm32cube.ide.mcu.externaltools.gnu-tools-for-stm32.12.3.rel1.win32_1.0.200.202406191623/tools/bin/../lib/gcc/arm-none-eabi/12.3.1/../../../../arm-none-eabi/lib/thumb/v7e-m+fp/hard\libc_nano.a(libc_a-reent.o)
                0x20000348                errno
 .bss.__lock___malloc_recursive_mutex
                0x2000034c        0x1 C:/st/STM32CubeIDE_1.16.0/STM32CubeIDE/plugins/com.st.stm32cube.ide.mcu.externaltools.gnu-tools-for-stm32.12.3.rel1.win32_1.0.200.202406191623/tools/bin/../lib/gcc/arm-none-eabi/12.3.1/../../../../arm-none-eabi/lib/thumb/v7e-m+fp/hard\libc_nano.a(libc_a-lock.o)
                0x2000034c                __lock___malloc_recursive_mutex
 .bss.__lock___sfp_recursive_mutex
                0x2000034d        0x1 C:/st/STM32CubeIDE_1.16.0/STM32CubeIDE/plugins/com.st.stm32cube.ide.mcu.externaltools.gnu-tools-for-stm32.12.3.rel1.win32_1.0.200.202406191623/tools/bin/../lib/gcc/arm-none-eabi/12.3.1/../../../../arm-none-eabi/lib/thumb/v7e-m+fp/hard\libc_nano.a(libc_a-lock.o)
                0x2000034d                __lock___sfp_recursive_mutex
 *fill*         0x2000034e        0x2 
 .bss.__malloc_sbrk_start
                0x20000350        0x4 C:/st/STM32CubeIDE_1.16.0/STM32CubeIDE/plugins/com.st.stm32cube.ide.mcu.externaltools.gnu-tools-for-stm32.12.3.rel1.win32_1.0.200.202406191623/tools/bin/../lib/gcc/arm-none-eabi/12.3.1/../../../../arm-none-eabi/lib/thumb/v7e-m+fp/hard\libc_nano.a(libc_a-mallocr.o)
                0x20000350                __malloc_sbrk_start
 .bss.__malloc_free_list
                0x20000354        0x4 C:/st/STM32CubeIDE_1.16.0/STM32CubeIDE/plugins/com.st.stm32cube.ide.mcu.externaltools.gnu-tools-for-stm32.12.3.rel1.win32_1.0.200.202406191623/tools/bin/../lib/gcc/arm-none-eabi/12.3.1/../../../../arm-none-eabi/lib/thumb/v7e-m+fp/hard\libc_nano.a(libc_a-mallocr.o)
                0x20000354                __malloc_free_list
 *(COMMON)
                0x20000358                        . = ALIGN (0x4)
                0x20000358                        _ebss = .
                0x20000358                        __bss_end__ = _ebss

._user_heap_stack
                0x20000358      0x600 load address 0x08006758
                0x20000358                        . = ALIGN (0x8)
                [!provide]                        PROVIDE (end = .)
                0x20000358                        PROVIDE (_end = .)
                0x20000558                        . = (. + _Min_Heap_Size)
 *fill*         0x20000358      0x200 
                0x20000958                        . = (. + _Min_Stack_Size)
 *fill*         0x20000558      0x400 
                0x20000958                        . = ALIGN (0x8)

/DISCARD/
 libc.a(*)
 libm.a(*)
 libgcc.a(*)

.ARM.attributes
                0x00000000       0x30
 *(.ARM.attributes)
 .ARM.attributes
                0x00000000       0x22 C:/st/STM32CubeIDE_1.16.0/STM32CubeIDE/plugins/com.st.stm32cube.ide.mcu.externaltools.gnu-tools-for-stm32.12.3.rel1.win32_1.0.200.202406191623/tools/bin/../lib/gcc/arm-none-eabi/12.3.1/thumb/v7e-m+fp/hard/crti.o
 .ARM.attributes
                0x00000022       0x34 C:/st/STM32CubeIDE_1.16.0/STM32CubeIDE/plugins/com.st.stm32cube.ide.mcu.externaltools.gnu-tools-for-stm32.12.3.rel1.win32_1.0.200.202406191623/tools/bin/../lib/gcc/arm-none-eabi/12.3.1/thumb/v7e-m+fp/hard/crtbegin.o
 .ARM.attributes
                0x00000056       0x34 ./Core/Src/main.o
 .ARM.attributes
                0x0000008a       0x34 ./Core/Src/stm32l4xx_hal_msp.o
 .ARM.attributes
                0x000000be       0x34 ./Core/Src/stm32l4xx_it.o
 .ARM.attributes
                0x000000f2       0x34 ./Core/Src/syscalls.o
 .ARM.attributes
                0x00000126       0x34 ./Core/Src/sysmem.o
 .ARM.attributes
                0x0000015a       0x34 ./Core/Src/system_stm32l4xx.o
 .ARM.attributes
                0x0000018e       0x21 ./Core/Startup/startup_stm32l4a6zgtx.o
 .ARM.attributes
                0x000001af       0x34 ./Drivers/STM32L4xx_HAL_Driver/Src/stm32l4xx_hal.o
 .ARM.attributes
                0x000001e3       0x34 ./Drivers/STM32L4xx_HAL_Driver/Src/stm32l4xx_hal_cortex.o
 .ARM.attributes
                0x00000217       0x34 ./Drivers/STM32L4xx_HAL_Driver/Src/stm32l4xx_hal_gpio.o
 .ARM.attributes
                0x0000024b       0x34 ./Drivers/STM32L4xx_HAL_Driver/Src/stm32l4xx_hal_pwr_ex.o
 .ARM.attributes
                0x0000027f       0x34 ./Drivers/STM32L4xx_HAL_Driver/Src/stm32l4xx_hal_rcc.o
 .ARM.attributes
                0x000002b3       0x34 ./Drivers/STM32L4xx_HAL_Driver/Src/stm32l4xx_hal_rcc_ex.o
 .ARM.attributes
                0x000002e7       0x34 ./Drivers/STM32L4xx_HAL_Driver/Src/stm32l4xx_hal_tim.o
 .ARM.attributes
                0x0000031b       0x34 ./Drivers/STM32L4xx_HAL_Driver/Src/stm32l4xx_hal_uart.o
 .ARM.attributes
                0x0000034f       0x34 C:/st/STM32CubeIDE_1.16.0/STM32CubeIDE/plugins/com.st.stm32cube.ide.mcu.externaltools.gnu-tools-for-stm32.12.3.rel1.win32_1.0.200.202406191623/tools/bin/../lib/gcc/arm-none-eabi/12.3.1/../../../../arm-none-eabi/lib/thumb/v7e-m+fp/hard\libc_nano.a(libc_a-findfp.o)
 .ARM.attributes
                0x00000383       0x34 C:/st/STM32CubeIDE_1.16.0/STM32CubeIDE/plugins/com.st.stm32cube.ide.mcu.externaltools.gnu-tools-for-stm32.12.3.rel1.win32_1.0.200.202406191623/tools/bin/../lib/gcc/arm-none-eabi/12.3.1/../../../../arm-none-eabi/lib/thumb/v7e-m+fp/hard\libc_nano.a(libc_a-fwalk.o)
 .ARM.attributes
                0x000003b7       0x34 C:/st/STM32CubeIDE_1.16.0/STM32CubeIDE/plugins/com.st.stm32cube.ide.mcu.externaltools.gnu-tools-for-stm32.12.3.rel1.win32_1.0.200.202406191623/tools/bin/../lib/gcc/arm-none-eabi/12.3.1/../../../../arm-none-eabi/lib/thumb/v7e-m+fp/hard\libc_nano.a(libc_a-printf.o)
 .ARM.attributes
                0x000003eb       0x34 C:/st/STM32CubeIDE_1.16.0/STM32CubeIDE/plugins/com.st.stm32cube.ide.mcu.externaltools.gnu-tools-for-stm32.12.3.rel1.win32_1.0.200.202406191623/tools/bin/../lib/gcc/arm-none-eabi/12.3.1/../../../../arm-none-eabi/lib/thumb/v7e-m+fp/hard\libc_nano.a(libc_a-puts.o)
 .ARM.attributes
                0x0000041f       0x34 C:/st/STM32CubeIDE_1.16.0/STM32CubeIDE/plugins/com.st.stm32cube.ide.mcu.externaltools.gnu-tools-for-stm32.12.3.rel1.win32_1.0.200.202406191623/tools/bin/../lib/gcc/arm-none-eabi/12.3.1/../../../../arm-none-eabi/lib/thumb/v7e-m+fp/hard\libc_nano.a(libc_a-sprintf.o)
 .ARM.attributes
                0x00000453       0x34 C:/st/STM32CubeIDE_1.16.0/STM32CubeIDE/plugins/com.st.stm32cube.ide.mcu.externaltools.gnu-tools-for-stm32.12.3.rel1.win32_1.0.200.202406191623/tools/bin/../lib/gcc/arm-none-eabi/12.3.1/../../../../arm-none-eabi/lib/thumb/v7e-m+fp/hard\libc_nano.a(libc_a-sscanf.o)
 .ARM.attributes
                0x00000487       0x34 C:/st/STM32CubeIDE_1.16.0/STM32CubeIDE/plugins/com.st.stm32cube.ide.mcu.externaltools.gnu-tools-for-stm32.12.3.rel1.win32_1.0.200.202406191623/tools/bin/../lib/gcc/arm-none-eabi/12.3.1/../../../../arm-none-eabi/lib/thumb/v7e-m+fp/hard\libc_nano.a(libc_a-stdio.o)
 .ARM.attributes
                0x000004bb       0x34 C:/st/STM32CubeIDE_1.16.0/STM32CubeIDE/plugins/com.st.stm32cube.ide.mcu.externaltools.gnu-tools-for-stm32.12.3.rel1.win32_1.0.200.202406191623/tools/bin/../lib/gcc/arm-none-eabi/12.3.1/../../../../arm-none-eabi/lib/thumb/v7e-m+fp/hard\libc_nano.a(libc_a-wbuf.o)
 .ARM.attributes
                0x000004ef       0x34 C:/st/STM32CubeIDE_1.16.0/STM32CubeIDE/plugins/com.st.stm32cube.ide.mcu.externaltools.gnu-tools-for-stm32.12.3.rel1.win32_1.0.200.202406191623/tools/bin/../lib/gcc/arm-none-eabi/12.3.1/../../../../arm-none-eabi/lib/thumb/v7e-m+fp/hard\libc_nano.a(libc_a-wsetup.o)
 .ARM.attributes
                0x00000523       0x34 C:/st/STM32CubeIDE_1.16.0/STM32CubeIDE/plugins/com.st.stm32cube.ide.mcu.externaltools.gnu-tools-for-stm32.12.3.rel1.win32_1.0.200.202406191623/tools/bin/../lib/gcc/arm-none-eabi/12.3.1/../../../../arm-none-eabi/lib/thumb/v7e-m+fp/hard\libc_nano.a(libc_a-memset.o)
 .ARM.attributes
                0x00000557       0x34 C:/st/STM32CubeIDE_1.16.0/STM32CubeIDE/plugins/com.st.stm32cube.ide.mcu.externaltools.gnu-tools-for-stm32.12.3.rel1.win32_1.0.200.202406191623/tools/bin/../lib/gcc/arm-none-eabi/12.3.1/../../../../arm-none-eabi/lib/thumb/v7e-m+fp/hard\libc_nano.a(libc_a-closer.o)
 .ARM.attributes
                0x0000058b       0x34 C:/st/STM32CubeIDE_1.16.0/STM32CubeIDE/plugins/com.st.stm32cube.ide.mcu.externaltools.gnu-tools-for-stm32.12.3.rel1.win32_1.0.200.202406191623/tools/bin/../lib/gcc/arm-none-eabi/12.3.1/../../../../arm-none-eabi/lib/thumb/v7e-m+fp/hard\libc_nano.a(libc_a-reent.o)
 .ARM.attributes
                0x000005bf       0x34 C:/st/STM32CubeIDE_1.16.0/STM32CubeIDE/plugins/com.st.stm32cube.ide.mcu.externaltools.gnu-tools-for-stm32.12.3.rel1.win32_1.0.200.202406191623/tools/bin/../lib/gcc/arm-none-eabi/12.3.1/../../../../arm-none-eabi/lib/thumb/v7e-m+fp/hard\libc_nano.a(libc_a-impure.o)
 .ARM.attributes
                0x000005f3       0x34 C:/st/STM32CubeIDE_1.16.0/STM32CubeIDE/plugins/com.st.stm32cube.ide.mcu.externaltools.gnu-tools-for-stm32.12.3.rel1.win32_1.0.200.202406191623/tools/bin/../lib/gcc/arm-none-eabi/12.3.1/../../../../arm-none-eabi/lib/thumb/v7e-m+fp/hard\libc_nano.a(libc_a-lseekr.o)
 .ARM.attributes
                0x00000627       0x34 C:/st/STM32CubeIDE_1.16.0/STM32CubeIDE/plugins/com.st.stm32cube.ide.mcu.externaltools.gnu-tools-for-stm32.12.3.rel1.win32_1.0.200.202406191623/tools/bin/../lib/gcc/arm-none-eabi/12.3.1/../../../../arm-none-eabi/lib/thumb/v7e-m+fp/hard\libc_nano.a(libc_a-readr.o)
 .ARM.attributes
                0x0000065b       0x34 C:/st/STM32CubeIDE_1.16.0/STM32CubeIDE/plugins/com.st.stm32cube.ide.mcu.externaltools.gnu-tools-for-stm32.12.3.rel1.win32_1.0.200.202406191623/tools/bin/../lib/gcc/arm-none-eabi/12.3.1/../../../../arm-none-eabi/lib/thumb/v7e-m+fp/hard\libc_nano.a(libc_a-writer.o)
 .ARM.attributes
                0x0000068f       0x34 C:/st/STM32CubeIDE_1.16.0/STM32CubeIDE/plugins/com.st.stm32cube.ide.mcu.externaltools.gnu-tools-for-stm32.12.3.rel1.win32_1.0.200.202406191623/tools/bin/../lib/gcc/arm-none-eabi/12.3.1/../../../../arm-none-eabi/lib/thumb/v7e-m+fp/hard\libc_nano.a(libc_a-errno.o)
 .ARM.attributes
                0x000006c3       0x34 C:/st/STM32CubeIDE_1.16.0/STM32CubeIDE/plugins/com.st.stm32cube.ide.mcu.externaltools.gnu-tools-for-stm32.12.3.rel1.win32_1.0.200.202406191623/tools/bin/../lib/gcc/arm-none-eabi/12.3.1/../../../../arm-none-eabi/lib/thumb/v7e-m+fp/hard\libc_nano.a(libc_a-init.o)
 .ARM.attributes
                0x000006f7       0x34 C:/st/STM32CubeIDE_1.16.0/STM32CubeIDE/plugins/com.st.stm32cube.ide.mcu.externaltools.gnu-tools-for-stm32.12.3.rel1.win32_1.0.200.202406191623/tools/bin/../lib/gcc/arm-none-eabi/12.3.1/../../../../arm-none-eabi/lib/thumb/v7e-m+fp/hard\libc_nano.a(libc_a-lock.o)
 .ARM.attributes
                0x0000072b       0x20 C:/st/STM32CubeIDE_1.16.0/STM32CubeIDE/plugins/com.st.stm32cube.ide.mcu.externaltools.gnu-tools-for-stm32.12.3.rel1.win32_1.0.200.202406191623/tools/bin/../lib/gcc/arm-none-eabi/12.3.1/../../../../arm-none-eabi/lib/thumb/v7e-m+fp/hard\libc_nano.a(libc_a-strcmp.o)
 .ARM.attributes
                0x0000074b       0x17 C:/st/STM32CubeIDE_1.16.0/STM32CubeIDE/plugins/com.st.stm32cube.ide.mcu.externaltools.gnu-tools-for-stm32.12.3.rel1.win32_1.0.200.202406191623/tools/bin/../lib/gcc/arm-none-eabi/12.3.1/../../../../arm-none-eabi/lib/thumb/v7e-m+fp/hard\libc_nano.a(libc_a-strlen.o)
 .ARM.attributes
                0x00000762       0x34 C:/st/STM32CubeIDE_1.16.0/STM32CubeIDE/plugins/com.st.stm32cube.ide.mcu.externaltools.gnu-tools-for-stm32.12.3.rel1.win32_1.0.200.202406191623/tools/bin/../lib/gcc/arm-none-eabi/12.3.1/../../../../arm-none-eabi/lib/thumb/v7e-m+fp/hard\libc_nano.a(libc_a-freer.o)
 .ARM.attributes
                0x00000796       0x34 C:/st/STM32CubeIDE_1.16.0/STM32CubeIDE/plugins/com.st.stm32cube.ide.mcu.externaltools.gnu-tools-for-stm32.12.3.rel1.win32_1.0.200.202406191623/tools/bin/../lib/gcc/arm-none-eabi/12.3.1/../../../../arm-none-eabi/lib/thumb/v7e-m+fp/hard\libc_nano.a(libc_a-mallocr.o)
 .ARM.attributes
                0x000007ca       0x34 C:/st/STM32CubeIDE_1.16.0/STM32CubeIDE/plugins/com.st.stm32cube.ide.mcu.externaltools.gnu-tools-for-stm32.12.3.rel1.win32_1.0.200.202406191623/tools/bin/../lib/gcc/arm-none-eabi/12.3.1/../../../../arm-none-eabi/lib/thumb/v7e-m+fp/hard\libc_nano.a(libc_a-mlock.o)
 .ARM.attributes
                0x000007fe       0x34 C:/st/STM32CubeIDE_1.16.0/STM32CubeIDE/plugins/com.st.stm32cube.ide.mcu.externaltools.gnu-tools-for-stm32.12.3.rel1.win32_1.0.200.202406191623/tools/bin/../lib/gcc/arm-none-eabi/12.3.1/../../../../arm-none-eabi/lib/thumb/v7e-m+fp/hard\libc_nano.a(libc_a-nano-svfprintf.o)
 .ARM.attributes
                0x00000832       0x34 C:/st/STM32CubeIDE_1.16.0/STM32CubeIDE/plugins/com.st.stm32cube.ide.mcu.externaltools.gnu-tools-for-stm32.12.3.rel1.win32_1.0.200.202406191623/tools/bin/../lib/gcc/arm-none-eabi/12.3.1/../../../../arm-none-eabi/lib/thumb/v7e-m+fp/hard\libc_nano.a(libc_a-nano-svfscanf.o)
 .ARM.attributes
                0x00000866       0x34 C:/st/STM32CubeIDE_1.16.0/STM32CubeIDE/plugins/com.st.stm32cube.ide.mcu.externaltools.gnu-tools-for-stm32.12.3.rel1.win32_1.0.200.202406191623/tools/bin/../lib/gcc/arm-none-eabi/12.3.1/../../../../arm-none-eabi/lib/thumb/v7e-m+fp/hard\libc_nano.a(libc_a-nano-vfprintf.o)
 .ARM.attributes
                0x0000089a       0x34 C:/st/STM32CubeIDE_1.16.0/STM32CubeIDE/plugins/com.st.stm32cube.ide.mcu.externaltools.gnu-tools-for-stm32.12.3.rel1.win32_1.0.200.202406191623/tools/bin/../lib/gcc/arm-none-eabi/12.3.1/../../../../arm-none-eabi/lib/thumb/v7e-m+fp/hard\libc_nano.a(libc_a-nano-vfprintf_i.o)
 .ARM.attributes
                0x000008ce       0x34 C:/st/STM32CubeIDE_1.16.0/STM32CubeIDE/plugins/com.st.stm32cube.ide.mcu.externaltools.gnu-tools-for-stm32.12.3.rel1.win32_1.0.200.202406191623/tools/bin/../lib/gcc/arm-none-eabi/12.3.1/../../../../arm-none-eabi/lib/thumb/v7e-m+fp/hard\libc_nano.a(libc_a-nano-vfscanf_i.o)
 .ARM.attributes
                0x00000902       0x34 C:/st/STM32CubeIDE_1.16.0/STM32CubeIDE/plugins/com.st.stm32cube.ide.mcu.externaltools.gnu-tools-for-stm32.12.3.rel1.win32_1.0.200.202406191623/tools/bin/../lib/gcc/arm-none-eabi/12.3.1/../../../../arm-none-eabi/lib/thumb/v7e-m+fp/hard\libc_nano.a(libc_a-fflush.o)
 .ARM.attributes
                0x00000936       0x34 C:/st/STM32CubeIDE_1.16.0/STM32CubeIDE/plugins/com.st.stm32cube.ide.mcu.externaltools.gnu-tools-for-stm32.12.3.rel1.win32_1.0.200.202406191623/tools/bin/../lib/gcc/arm-none-eabi/12.3.1/../../../../arm-none-eabi/lib/thumb/v7e-m+fp/hard\libc_nano.a(libc_a-makebuf.o)
 .ARM.attributes
                0x0000096a       0x34 C:/st/STM32CubeIDE_1.16.0/STM32CubeIDE/plugins/com.st.stm32cube.ide.mcu.externaltools.gnu-tools-for-stm32.12.3.rel1.win32_1.0.200.202406191623/tools/bin/../lib/gcc/arm-none-eabi/12.3.1/../../../../arm-none-eabi/lib/thumb/v7e-m+fp/hard\libc_nano.a(libc_a-sccl.o)
 .ARM.attributes
                0x0000099e       0x34 C:/st/STM32CubeIDE_1.16.0/STM32CubeIDE/plugins/com.st.stm32cube.ide.mcu.externaltools.gnu-tools-for-stm32.12.3.rel1.win32_1.0.200.202406191623/tools/bin/../lib/gcc/arm-none-eabi/12.3.1/../../../../arm-none-eabi/lib/thumb/v7e-m+fp/hard\libc_nano.a(libc_a-ungetc.o)
 .ARM.attributes
                0x000009d2       0x34 C:/st/STM32CubeIDE_1.16.0/STM32CubeIDE/plugins/com.st.stm32cube.ide.mcu.externaltools.gnu-tools-for-stm32.12.3.rel1.win32_1.0.200.202406191623/tools/bin/../lib/gcc/arm-none-eabi/12.3.1/../../../../arm-none-eabi/lib/thumb/v7e-m+fp/hard\libc_nano.a(libc_a-memmove.o)
 .ARM.attributes
                0x00000a06       0x34 C:/st/STM32CubeIDE_1.16.0/STM32CubeIDE/plugins/com.st.stm32cube.ide.mcu.externaltools.gnu-tools-for-stm32.12.3.rel1.win32_1.0.200.202406191623/tools/bin/../lib/gcc/arm-none-eabi/12.3.1/../../../../arm-none-eabi/lib/thumb/v7e-m+fp/hard\libc_nano.a(libc_a-fstatr.o)
 .ARM.attributes
                0x00000a3a       0x34 C:/st/STM32CubeIDE_1.16.0/STM32CubeIDE/plugins/com.st.stm32cube.ide.mcu.externaltools.gnu-tools-for-stm32.12.3.rel1.win32_1.0.200.202406191623/tools/bin/../lib/gcc/arm-none-eabi/12.3.1/../../../../arm-none-eabi/lib/thumb/v7e-m+fp/hard\libc_nano.a(libc_a-isattyr.o)
 .ARM.attributes
                0x00000a6e       0x34 C:/st/STM32CubeIDE_1.16.0/STM32CubeIDE/plugins/com.st.stm32cube.ide.mcu.externaltools.gnu-tools-for-stm32.12.3.rel1.win32_1.0.200.202406191623/tools/bin/../lib/gcc/arm-none-eabi/12.3.1/../../../../arm-none-eabi/lib/thumb/v7e-m+fp/hard\libc_nano.a(libc_a-sbrkr.o)
 .ARM.attributes
                0x00000aa2       0x1c C:/st/STM32CubeIDE_1.16.0/STM32CubeIDE/plugins/com.st.stm32cube.ide.mcu.externaltools.gnu-tools-for-stm32.12.3.rel1.win32_1.0.200.202406191623/tools/bin/../lib/gcc/arm-none-eabi/12.3.1/../../../../arm-none-eabi/lib/thumb/v7e-m+fp/hard\libc_nano.a(libc_a-memchr.o)
 .ARM.attributes
                0x00000abe       0x34 C:/st/STM32CubeIDE_1.16.0/STM32CubeIDE/plugins/com.st.stm32cube.ide.mcu.externaltools.gnu-tools-for-stm32.12.3.rel1.win32_1.0.200.202406191623/tools/bin/../lib/gcc/arm-none-eabi/12.3.1/../../../../arm-none-eabi/lib/thumb/v7e-m+fp/hard\libc_nano.a(libc_a-memcpy-stub.o)
 .ARM.attributes
                0x00000af2       0x34 C:/st/STM32CubeIDE_1.16.0/STM32CubeIDE/plugins/com.st.stm32cube.ide.mcu.externaltools.gnu-tools-for-stm32.12.3.rel1.win32_1.0.200.202406191623/tools/bin/../lib/gcc/arm-none-eabi/12.3.1/../../../../arm-none-eabi/lib/thumb/v7e-m+fp/hard\libc_nano.a(libc_a-reallocr.o)
 .ARM.attributes
                0x00000b26       0x34 C:/st/STM32CubeIDE_1.16.0/STM32CubeIDE/plugins/com.st.stm32cube.ide.mcu.externaltools.gnu-tools-for-stm32.12.3.rel1.win32_1.0.200.202406191623/tools/bin/../lib/gcc/arm-none-eabi/12.3.1/../../../../arm-none-eabi/lib/thumb/v7e-m+fp/hard\libc_nano.a(libc_a-strtol.o)
 .ARM.attributes
                0x00000b5a       0x34 C:/st/STM32CubeIDE_1.16.0/STM32CubeIDE/plugins/com.st.stm32cube.ide.mcu.externaltools.gnu-tools-for-stm32.12.3.rel1.win32_1.0.200.202406191623/tools/bin/../lib/gcc/arm-none-eabi/12.3.1/../../../../arm-none-eabi/lib/thumb/v7e-m+fp/hard\libc_nano.a(libc_a-strtoul.o)
 .ARM.attributes
                0x00000b8e       0x34 C:/st/STM32CubeIDE_1.16.0/STM32CubeIDE/plugins/com.st.stm32cube.ide.mcu.externaltools.gnu-tools-for-stm32.12.3.rel1.win32_1.0.200.202406191623/tools/bin/../lib/gcc/arm-none-eabi/12.3.1/../../../../arm-none-eabi/lib/thumb/v7e-m+fp/hard\libc_nano.a(libc_a-ctype_.o)
 .ARM.attributes
                0x00000bc2       0x34 C:/st/STM32CubeIDE_1.16.0/STM32CubeIDE/plugins/com.st.stm32cube.ide.mcu.externaltools.gnu-tools-for-stm32.12.3.rel1.win32_1.0.200.202406191623/tools/bin/../lib/gcc/arm-none-eabi/12.3.1/../../../../arm-none-eabi/lib/thumb/v7e-m+fp/hard\libc_nano.a(libc_a-msizer.o)
 .ARM.attributes
                0x00000bf6       0x22 C:/st/STM32CubeIDE_1.16.0/STM32CubeIDE/plugins/com.st.stm32cube.ide.mcu.externaltools.gnu-tools-for-stm32.12.3.rel1.win32_1.0.200.202406191623/tools/bin/../lib/gcc/arm-none-eabi/12.3.1/thumb/v7e-m+fp/hard\libgcc.a(_aeabi_uldivmod.o)
 .ARM.attributes
                0x00000c18       0x34 C:/st/STM32CubeIDE_1.16.0/STM32CubeIDE/plugins/com.st.stm32cube.ide.mcu.externaltools.gnu-tools-for-stm32.12.3.rel1.win32_1.0.200.202406191623/tools/bin/../lib/gcc/arm-none-eabi/12.3.1/thumb/v7e-m+fp/hard\libgcc.a(_udivmoddi4.o)
 .ARM.attributes
                0x00000c4c       0x22 C:/st/STM32CubeIDE_1.16.0/STM32CubeIDE/plugins/com.st.stm32cube.ide.mcu.externaltools.gnu-tools-for-stm32.12.3.rel1.win32_1.0.200.202406191623/tools/bin/../lib/gcc/arm-none-eabi/12.3.1/thumb/v7e-m+fp/hard\libgcc.a(_dvmd_tls.o)
 .ARM.attributes
                0x00000c6e       0x22 C:/st/STM32CubeIDE_1.16.0/STM32CubeIDE/plugins/com.st.stm32cube.ide.mcu.externaltools.gnu-tools-for-stm32.12.3.rel1.win32_1.0.200.202406191623/tools/bin/../lib/gcc/arm-none-eabi/12.3.1/thumb/v7e-m+fp/hard/crtn.o
OUTPUT(parsing.elf elf32-littlearm)
LOAD linker stubs
LOAD C:/st/STM32CubeIDE_1.16.0/STM32CubeIDE/plugins/com.st.stm32cube.ide.mcu.externaltools.gnu-tools-for-stm32.12.3.rel1.win32_1.0.200.202406191623/tools/bin/../lib/gcc/arm-none-eabi/12.3.1/../../../../arm-none-eabi/lib/thumb/v7e-m+fp/hard\libc.a
LOAD C:/st/STM32CubeIDE_1.16.0/STM32CubeIDE/plugins/com.st.stm32cube.ide.mcu.externaltools.gnu-tools-for-stm32.12.3.rel1.win32_1.0.200.202406191623/tools/bin/../lib/gcc/arm-none-eabi/12.3.1/../../../../arm-none-eabi/lib/thumb/v7e-m+fp/hard\libm.a
LOAD C:/st/STM32CubeIDE_1.16.0/STM32CubeIDE/plugins/com.st.stm32cube.ide.mcu.externaltools.gnu-tools-for-stm32.12.3.rel1.win32_1.0.200.202406191623/tools/bin/../lib/gcc/arm-none-eabi/12.3.1/thumb/v7e-m+fp/hard\libgcc.a

.debug_info     0x00000000     0xe381
 .debug_info    0x00000000     0x1591 ./Core/Src/main.o
 .debug_info    0x00001591     0x11a7 ./Core/Src/stm32l4xx_hal_msp.o
 .debug_info    0x00002738      0x113 ./Core/Src/stm32l4xx_it.o
 .debug_info    0x0000284b      0x6a3 ./Core/Src/syscalls.o
 .debug_info    0x00002eee      0x168 ./Core/Src/sysmem.o
 .debug_info    0x00003056      0x5cd ./Core/Src/system_stm32l4xx.o
 .debug_info    0x00003623       0x30 ./Core/Startup/startup_stm32l4a6zgtx.o
 .debug_info    0x00003653      0xb51 ./Drivers/STM32L4xx_HAL_Driver/Src/stm32l4xx_hal.o
 .debug_info    0x000041a4      0xdbd ./Drivers/STM32L4xx_HAL_Driver/Src/stm32l4xx_hal_cortex.o
 .debug_info    0x00004f61      0x76f ./Drivers/STM32L4xx_HAL_Driver/Src/stm32l4xx_hal_gpio.o
 .debug_info    0x000056d0      0x996 ./Drivers/STM32L4xx_HAL_Driver/Src/stm32l4xx_hal_pwr_ex.o
 .debug_info    0x00006066      0xc3b ./Drivers/STM32L4xx_HAL_Driver/Src/stm32l4xx_hal_rcc.o
 .debug_info    0x00006ca1     0x10c1 ./Drivers/STM32L4xx_HAL_Driver/Src/stm32l4xx_hal_rcc_ex.o
 .debug_info    0x00007d62     0x2a9a ./Drivers/STM32L4xx_HAL_Driver/Src/stm32l4xx_hal_tim.o
 .debug_info    0x0000a7fc     0x3b85 ./Drivers/STM32L4xx_HAL_Driver/Src/stm32l4xx_hal_uart.o

.debug_abbrev   0x00000000     0x1cc2
 .debug_abbrev  0x00000000      0x2af ./Core/Src/main.o
 .debug_abbrev  0x000002af      0x218 ./Core/Src/stm32l4xx_hal_msp.o
 .debug_abbrev  0x000004c7       0x73 ./Core/Src/stm32l4xx_it.o
 .debug_abbrev  0x0000053a      0x1b6 ./Core/Src/syscalls.o
 .debug_abbrev  0x000006f0       0xbc ./Core/Src/sysmem.o
 .debug_abbrev  0x000007ac      0x11a ./Core/Src/system_stm32l4xx.o
 .debug_abbrev  0x000008c6       0x24 ./Core/Startup/startup_stm32l4a6zgtx.o
 .debug_abbrev  0x000008ea      0x242 ./Drivers/STM32L4xx_HAL_Driver/Src/stm32l4xx_hal.o
 .debug_abbrev  0x00000b2c      0x31c ./Drivers/STM32L4xx_HAL_Driver/Src/stm32l4xx_hal_cortex.o
 .debug_abbrev  0x00000e48      0x1cb ./Drivers/STM32L4xx_HAL_Driver/Src/stm32l4xx_hal_gpio.o
 .debug_abbrev  0x00001013      0x1f9 ./Drivers/STM32L4xx_HAL_Driver/Src/stm32l4xx_hal_pwr_ex.o
 .debug_abbrev  0x0000120c      0x2cb ./Drivers/STM32L4xx_HAL_Driver/Src/stm32l4xx_hal_rcc.o
 .debug_abbrev  0x000014d7      0x2a3 ./Drivers/STM32L4xx_HAL_Driver/Src/stm32l4xx_hal_rcc_ex.o
 .debug_abbrev  0x0000177a      0x278 ./Drivers/STM32L4xx_HAL_Driver/Src/stm32l4xx_hal_tim.o
 .debug_abbrev  0x000019f2      0x2d0 ./Drivers/STM32L4xx_HAL_Driver/Src/stm32l4xx_hal_uart.o

.debug_aranges  0x00000000      0xdc0
 .debug_aranges
                0x00000000       0x58 ./Core/Src/main.o
 .debug_aranges
                0x00000058       0x50 ./Core/Src/stm32l4xx_hal_msp.o
 .debug_aranges
                0x000000a8       0x60 ./Core/Src/stm32l4xx_it.o
 .debug_aranges
                0x00000108       0xa8 ./Core/Src/syscalls.o
 .debug_aranges
                0x000001b0       0x20 ./Core/Src/sysmem.o
 .debug_aranges
                0x000001d0       0x28 ./Core/Src/system_stm32l4xx.o
 .debug_aranges
                0x000001f8       0x28 ./Core/Startup/startup_stm32l4a6zgtx.o
 .debug_aranges
                0x00000220      0x130 ./Drivers/STM32L4xx_HAL_Driver/Src/stm32l4xx_hal.o
 .debug_aranges
                0x00000350      0x128 ./Drivers/STM32L4xx_HAL_Driver/Src/stm32l4xx_hal_cortex.o
 .debug_aranges
                0x00000478       0x58 ./Drivers/STM32L4xx_HAL_Driver/Src/stm32l4xx_hal_gpio.o
 .debug_aranges
                0x000004d0      0x150 ./Drivers/STM32L4xx_HAL_Driver/Src/stm32l4xx_hal_pwr_ex.o
 .debug_aranges
                0x00000620       0x90 ./Drivers/STM32L4xx_HAL_Driver/Src/stm32l4xx_hal_rcc.o
 .debug_aranges
                0x000006b0      0x108 ./Drivers/STM32L4xx_HAL_Driver/Src/stm32l4xx_hal_rcc_ex.o
 .debug_aranges
                0x000007b8      0x3e0 ./Drivers/STM32L4xx_HAL_Driver/Src/stm32l4xx_hal_tim.o
 .debug_aranges
                0x00000b98      0x228 ./Drivers/STM32L4xx_HAL_Driver/Src/stm32l4xx_hal_uart.o

.debug_rnglists
                0x00000000      0xac6
 .debug_rnglists
                0x00000000       0x59 ./Core/Src/main.o
 .debug_rnglists
                0x00000059       0x38 ./Core/Src/stm32l4xx_hal_msp.o
 .debug_rnglists
                0x00000091       0x43 ./Core/Src/stm32l4xx_it.o
 .debug_rnglists
                0x000000d4       0x79 ./Core/Src/syscalls.o
 .debug_rnglists
                0x0000014d       0x13 ./Core/Src/sysmem.o
 .debug_rnglists
                0x00000160       0x1a ./Core/Src/system_stm32l4xx.o
 .debug_rnglists
                0x0000017a       0x19 ./Core/Startup/startup_stm32l4a6zgtx.o
 .debug_rnglists
                0x00000193       0xdf ./Drivers/STM32L4xx_HAL_Driver/Src/stm32l4xx_hal.o
 .debug_rnglists
                0x00000272       0xda ./Drivers/STM32L4xx_HAL_Driver/Src/stm32l4xx_hal_cortex.o
 .debug_rnglists
                0x0000034c       0x3f ./Drivers/STM32L4xx_HAL_Driver/Src/stm32l4xx_hal_gpio.o
 .debug_rnglists
                0x0000038b       0xfd ./Drivers/STM32L4xx_HAL_Driver/Src/stm32l4xx_hal_pwr_ex.o
 .debug_rnglists
                0x00000488       0x6d ./Drivers/STM32L4xx_HAL_Driver/Src/stm32l4xx_hal_rcc.o
 .debug_rnglists
                0x000004f5       0xce ./Drivers/STM32L4xx_HAL_Driver/Src/stm32l4xx_hal_rcc_ex.o
 .debug_rnglists
                0x000005c3      0x328 ./Drivers/STM32L4xx_HAL_Driver/Src/stm32l4xx_hal_tim.o
 .debug_rnglists
                0x000008eb      0x1db ./Drivers/STM32L4xx_HAL_Driver/Src/stm32l4xx_hal_uart.o

.debug_macro    0x00000000    0x2a408
 .debug_macro   0x00000000      0x302 ./Core/Src/main.o
 .debug_macro   0x00000302      0xab4 ./Core/Src/main.o
 .debug_macro   0x00000db6      0x1a7 ./Core/Src/main.o
 .debug_macro   0x00000f5d       0x2e ./Core/Src/main.o
 .debug_macro   0x00000f8b       0x28 ./Core/Src/main.o
 .debug_macro   0x00000fb3       0x22 ./Core/Src/main.o
 .debug_macro   0x00000fd5       0x8e ./Core/Src/main.o
 .debug_macro   0x00001063       0x51 ./Core/Src/main.o
 .debug_macro   0x000010b4      0x103 ./Core/Src/main.o
 .debug_macro   0x000011b7       0x6a ./Core/Src/main.o
 .debug_macro   0x00001221      0x1df ./Core/Src/main.o
 .debug_macro   0x00001400       0x1c ./Core/Src/main.o
 .debug_macro   0x0000141c       0x22 ./Core/Src/main.o
 .debug_macro   0x0000143e       0xfb ./Core/Src/main.o
 .debug_macro   0x00001539     0x1011 ./Core/Src/main.o
 .debug_macro   0x0000254a      0x11f ./Core/Src/main.o
 .debug_macro   0x00002669    0x1c8c1 ./Core/Src/main.o
 .debug_macro   0x0001ef2a       0x6d ./Core/Src/main.o
 .debug_macro   0x0001ef97     0x38fb ./Core/Src/main.o
 .debug_macro   0x00022892      0x189 ./Core/Src/main.o
 .debug_macro   0x00022a1b       0x5c ./Core/Src/main.o
 .debug_macro   0x00022a77     0x1909 ./Core/Src/main.o
 .debug_macro   0x00024380      0x773 ./Core/Src/main.o
 .debug_macro   0x00024af3      0x1b9 ./Core/Src/main.o
 .debug_macro   0x00024cac      0x202 ./Core/Src/main.o
 .debug_macro   0x00024eae      0x26b ./Core/Src/main.o
 .debug_macro   0x00025119      0x23d ./Core/Src/main.o
 .debug_macro   0x00025356      0x241 ./Core/Src/main.o
 .debug_macro   0x00025597      0x3ad ./Core/Src/main.o
 .debug_macro   0x00025944       0xe4 ./Core/Src/main.o
 .debug_macro   0x00025a28      0x122 ./Core/Src/main.o
 .debug_macro   0x00025b4a      0x3ef ./Core/Src/main.o
 .debug_macro   0x00025f39      0xa98 ./Core/Src/main.o
 .debug_macro   0x000269d1      0x1fb ./Core/Src/main.o
 .debug_macro   0x00026bcc      0x5cf ./Core/Src/main.o
 .debug_macro   0x0002719b       0x44 ./Core/Src/main.o
 .debug_macro   0x000271df      0x433 ./Core/Src/main.o
 .debug_macro   0x00027612       0x61 ./Core/Src/main.o
 .debug_macro   0x00027673       0x2a ./Core/Src/main.o
 .debug_macro   0x0002769d       0x43 ./Core/Src/main.o
 .debug_macro   0x000276e0       0x34 ./Core/Src/main.o
 .debug_macro   0x00027714       0x16 ./Core/Src/main.o
 .debug_macro   0x0002772a       0x35 ./Core/Src/main.o
 .debug_macro   0x0002775f      0x369 ./Core/Src/main.o
 .debug_macro   0x00027ac8       0x10 ./Core/Src/main.o
 .debug_macro   0x00027ad8       0x16 ./Core/Src/main.o
 .debug_macro   0x00027aee       0x43 ./Core/Src/main.o
 .debug_macro   0x00027b31       0x34 ./Core/Src/main.o
 .debug_macro   0x00027b65       0x10 ./Core/Src/main.o
 .debug_macro   0x00027b75       0x58 ./Core/Src/main.o
 .debug_macro   0x00027bcd       0x8e ./Core/Src/main.o
 .debug_macro   0x00027c5b       0x1c ./Core/Src/main.o
 .debug_macro   0x00027c77      0x177 ./Core/Src/main.o
 .debug_macro   0x00027dee       0x16 ./Core/Src/main.o
 .debug_macro   0x00027e04       0x16 ./Core/Src/main.o
 .debug_macro   0x00027e1a      0x146 ./Core/Src/main.o
 .debug_macro   0x00027f60       0x16 ./Core/Src/main.o
 .debug_macro   0x00027f76       0x16 ./Core/Src/main.o
 .debug_macro   0x00027f8c       0x29 ./Core/Src/main.o
 .debug_macro   0x00027fb5       0x16 ./Core/Src/main.o
 .debug_macro   0x00027fcb       0x20 ./Core/Src/main.o
 .debug_macro   0x00027feb      0x1ca ./Core/Src/stm32l4xx_hal_msp.o
 .debug_macro   0x000281b5      0x1d4 ./Core/Src/stm32l4xx_it.o
 .debug_macro   0x00028389      0x274 ./Core/Src/syscalls.o
 .debug_macro   0x000285fd       0x5b ./Core/Src/syscalls.o
 .debug_macro   0x00028658       0x94 ./Core/Src/syscalls.o
 .debug_macro   0x000286ec       0x57 ./Core/Src/syscalls.o
 .debug_macro   0x00028743       0x10 ./Core/Src/syscalls.o
 .debug_macro   0x00028753       0x10 ./Core/Src/syscalls.o
 .debug_macro   0x00028763       0x10 ./Core/Src/syscalls.o
 .debug_macro   0x00028773       0x10 ./Core/Src/syscalls.o
 .debug_macro   0x00028783       0x1c ./Core/Src/syscalls.o
 .debug_macro   0x0002879f       0x52 ./Core/Src/syscalls.o
 .debug_macro   0x000287f1       0x22 ./Core/Src/syscalls.o
 .debug_macro   0x00028813       0x10 ./Core/Src/syscalls.o
 .debug_macro   0x00028823       0x52 ./Core/Src/syscalls.o